#
# There is insufficient memory for the Java Runtime Environment to continue.
# Native memory allocation (malloc) failed to allocate 1920016 bytes. Error detail: Chunk::new
# Possible reasons:
#   The system is out of physical RAM or swap space
#   This process is running with CompressedOops enabled, and the Java Heap may be blocking the growth of the native heap
# Possible solutions:
#   Reduce memory load on the system
#   Increase physical memory or swap space
#   Check if swap backing store is full
#   Decrease Java heap size (-Xmx/-Xms)
#   Decrease number of Java threads
#   Decrease Java thread stack sizes (-Xss)
#   Set larger code cache with -XX:ReservedCodeCacheSize=
#   JVM is running with Unscaled Compressed Oops mode in which the Java heap is
#     placed in the first 4GB address space. The Java Heap base address is the
#     maximum limit for the native heap growth. Please use -XX:HeapBaseMinAddress
#     to set the Java Heap base and to place the Java Heap above 4GB virtual address.
# This output file may be truncated or incomplete.
#
#  Out of Memory Error (arena.cpp:168), pid=16512, tid=40868
#
# JRE version: OpenJDK Runtime Environment (21.0.6) (build 21.0.6+-13368085-b895.109)
# Java VM: OpenJDK 64-Bit Server VM (21.0.6+-13368085-b895.109, mixed mode, tiered, compressed oops, compressed class ptrs, g1 gc, windows-amd64)
# No core dump will be written. Minidumps are not enabled by default on client versions of Windows
#

---------------  S U M M A R Y ------------

Command Line: org.jetbrains.kotlin.cli.jvm.K2JVMCompiler @D:\TecnoGuard\TecnoGuardApp\app\build\20250729_17726690206560671648.compiler.options

Host: AMD Ryzen 5 5500U with Radeon Graphics         , 12 cores, 7G,  Windows 11 , 64 bit Build 22621 (10.0.22621.5415)
Time: Tue Jul 29 12:30:11 2025 Hora estándar central (México) elapsed time: 2.459776 seconds (0d 0h 0m 2s)

---------------  T H R E A D  ---------------

Current thread (0x000001bbc588b7e0):  JavaThread "C2 CompilerThread1" daemon [_thread_in_native, id=40868, stack(0x0000005fc2900000,0x0000005fc2a00000) (1024K)]


Current CompileTask:
C2:2459 2402       4       java.lang.invoke.MethodType::makeImpl (109 bytes)

Stack: [0x0000005fc2900000,0x0000005fc2a00000]
Native frames: (J=compiled Java code, j=interpreted, Vv=VM code, C=native code)
V  [jvm.dll+0x6d0639]
V  [jvm.dll+0x85eb03]
V  [jvm.dll+0x86105e]
V  [jvm.dll+0x861743]
V  [jvm.dll+0x27e6e6]
V  [jvm.dll+0xbff6d]
V  [jvm.dll+0xc04a3]
V  [jvm.dll+0x3b6171]
V  [jvm.dll+0x3820c7]
V  [jvm.dll+0x38153a]
V  [jvm.dll+0x247c82]
V  [jvm.dll+0x247251]
V  [jvm.dll+0x1c5f04]
V  [jvm.dll+0x2569ac]
V  [jvm.dll+0x254ef6]
V  [jvm.dll+0x3f0e96]
V  [jvm.dll+0x806ed8]
V  [jvm.dll+0x6cef0d]
C  [ucrtbase.dll+0x29333]
C  [KERNEL32.DLL+0x1259d]
C  [ntdll.dll+0x5af78]


---------------  P R O C E S S  ---------------

Threads class SMR info:
_java_thread_list=0x000001bbc586ed50, length=12, elements={
0x000001bbab8908a0, 0x000001bbc561baa0, 0x000001bbc561c7b0, 0x000001bbc5633de0,
0x000001bbc5632f60, 0x000001bbc5620ae0, 0x000001bbc5621140, 0x000001bbc56217a0,
0x000001bbc5621e40, 0x000001bbc57f50e0, 0x000001bbc57f5900, 0x000001bbc588b7e0
}

Java Threads: ( => current thread )
  0x000001bbab8908a0 JavaThread "main"                              [_thread_in_native, id=42308, stack(0x0000005fc1700000,0x0000005fc1800000) (1024K)]
  0x000001bbc561baa0 JavaThread "Reference Handler"          daemon [_thread_blocked, id=47108, stack(0x0000005fc1f00000,0x0000005fc2000000) (1024K)]
  0x000001bbc561c7b0 JavaThread "Finalizer"                  daemon [_thread_blocked, id=14808, stack(0x0000005fc2000000,0x0000005fc2100000) (1024K)]
  0x000001bbc5633de0 JavaThread "Signal Dispatcher"          daemon [_thread_blocked, id=35580, stack(0x0000005fc2100000,0x0000005fc2200000) (1024K)]
  0x000001bbc5632f60 JavaThread "Attach Listener"            daemon [_thread_blocked, id=17820, stack(0x0000005fc2200000,0x0000005fc2300000) (1024K)]
  0x000001bbc5620ae0 JavaThread "Service Thread"             daemon [_thread_blocked, id=44584, stack(0x0000005fc2300000,0x0000005fc2400000) (1024K)]
  0x000001bbc5621140 JavaThread "Monitor Deflation Thread"   daemon [_thread_blocked, id=15140, stack(0x0000005fc2400000,0x0000005fc2500000) (1024K)]
  0x000001bbc56217a0 JavaThread "C2 CompilerThread0"         daemon [_thread_in_native, id=42796, stack(0x0000005fc2500000,0x0000005fc2600000) (1024K)]
  0x000001bbc5621e40 JavaThread "C1 CompilerThread0"         daemon [_thread_blocked, id=26652, stack(0x0000005fc2600000,0x0000005fc2700000) (1024K)]
  0x000001bbc57f50e0 JavaThread "Notification Thread"        daemon [_thread_blocked, id=43324, stack(0x0000005fc2700000,0x0000005fc2800000) (1024K)]
  0x000001bbc57f5900 JavaThread "Common-Cleaner"             daemon [_thread_blocked, id=25316, stack(0x0000005fc2800000,0x0000005fc2900000) (1024K)]
=>0x000001bbc588b7e0 JavaThread "C2 CompilerThread1"         daemon [_thread_in_native, id=40868, stack(0x0000005fc2900000,0x0000005fc2a00000) (1024K)]
Total: 12

Other Threads:
  0x000001bbc5458eb0 VMThread "VM Thread"                           [id=43716, stack(0x0000005fc1e00000,0x0000005fc1f00000) (1024K)]
  0x000001bbc5412e80 WatcherThread "VM Periodic Task Thread"        [id=27372, stack(0x0000005fc1d00000,0x0000005fc1e00000) (1024K)]
  0x000001bbadced0d0 WorkerThread "GC Thread#0"                     [id=11760, stack(0x0000005fc1800000,0x0000005fc1900000) (1024K)]
  0x000001bbca5b2b90 WorkerThread "GC Thread#1"                     [id=27912, stack(0x0000005fc2a00000,0x0000005fc2b00000) (1024K)]
  0x000001bbca564b30 WorkerThread "GC Thread#2"                     [id=42688, stack(0x0000005fc2b00000,0x0000005fc2c00000) (1024K)]
  0x000001bbca5c7c40 WorkerThread "GC Thread#3"                     [id=22248, stack(0x0000005fc2c00000,0x0000005fc2d00000) (1024K)]
  0x000001bbca5c7fe0 WorkerThread "GC Thread#4"                     [id=22244, stack(0x0000005fc2d00000,0x0000005fc2e00000) (1024K)]
  0x000001bbca5c8380 WorkerThread "GC Thread#5"                     [id=34704, stack(0x0000005fc2e00000,0x0000005fc2f00000) (1024K)]
  0x000001bbca62ec80 WorkerThread "GC Thread#6"                     [id=14108, stack(0x0000005fc2f00000,0x0000005fc3000000) (1024K)]
  0x000001bbca62f020 WorkerThread "GC Thread#7"                     [id=40636, stack(0x0000005fc3000000,0x0000005fc3100000) (1024K)]
  0x000001bbcad8ab50 WorkerThread "GC Thread#8"                     [id=2392, stack(0x0000005fc3300000,0x0000005fc3400000) (1024K)]
  0x000001bbcad88710 WorkerThread "GC Thread#9"                     [id=33244, stack(0x0000005fc3400000,0x0000005fc3500000) (1024K)]
  0x000001bbadcfcac0 ConcurrentGCThread "G1 Main Marker"            [id=34692, stack(0x0000005fc1900000,0x0000005fc1a00000) (1024K)]
  0x000001bbadcfd640 WorkerThread "G1 Conc#0"                       [id=33516, stack(0x0000005fc1a00000,0x0000005fc1b00000) (1024K)]
  0x000001bbca62de00 WorkerThread "G1 Conc#1"                       [id=40672, stack(0x0000005fc3100000,0x0000005fc3200000) (1024K)]
  0x000001bbca62d6c0 WorkerThread "G1 Conc#2"                       [id=38380, stack(0x0000005fc3200000,0x0000005fc3300000) (1024K)]
  0x000001bbadd5ea80 ConcurrentGCThread "G1 Refine#0"               [id=42480, stack(0x0000005fc1b00000,0x0000005fc1c00000) (1024K)]
  0x000001bbc52ea680 ConcurrentGCThread "G1 Service"                [id=34024, stack(0x0000005fc1c00000,0x0000005fc1d00000) (1024K)]
Total: 18

Threads with active compile tasks:
C2 CompilerThread0  2468 2699       4       java.lang.invoke.InvokerBytecodeGenerator::emitPushArgument (150 bytes)
C2 CompilerThread1  2468 2402       4       java.lang.invoke.MethodType::makeImpl (109 bytes)
Total: 2

VM state: not at safepoint (normal execution)

VM Mutex/Monitor currently owned by a thread:  ([mutex/lock_event])
[0x00007ffbf2efce20] MethodCompileQueue_lock - owner thread: 0x000001bbc56217a0
[0x00007ffbf2efe2a0] CodeCache_lock - owner thread: 0x000001bbc56217a0
[0x00007ffbf2efe420] Compile_lock - owner thread: 0x000001bbc56217a0

Heap address: 0x000000008a800000, size: 1880 MB, Compressed Oops mode: 32-bit

CDS archive(s) not mapped
Compressed class space mapped at: 0x0000000100000000-0x0000000140000000, reserved size: 1073741824
Narrow klass base: 0x0000000000000000, Narrow klass shift: 3, Narrow klass range: 0x140000000

GC Precious Log:
 CardTable entry size: 512
 Card Set container configuration: InlinePtr #cards 5 size 8 Array Of Cards #cards 12 size 40 Howl #buckets 4 coarsen threshold 1843 Howl Bitmap #cards 512 size 80 coarsen threshold 460 Card regions per heap region 1 cards per card region 2048
 CPUs: 12 total, 12 available
 Memory: 7514M
 Large Page Support: Disabled
 NUMA Support: Disabled
 Compressed Oops: Enabled (32-bit)
 Heap Region Size: 1M
 Heap Min Capacity: 8M
 Heap Initial Capacity: 118M
 Heap Max Capacity: 1880M
 Pre-touch: Disabled
 Parallel Workers: 10
 Concurrent Workers: 3
 Concurrent Refinement Workers: 10
 Periodic GC: Disabled

Heap:
 garbage-first heap   total 46080K, used 22088K [0x000000008a800000, 0x0000000100000000)
  region size 1024K, 3 young (3072K), 2 survivors (2048K)
 Metaspace       used 43217K, committed 43776K, reserved 1114112K
  class space    used 5171K, committed 5440K, reserved 1048576K

Heap Regions: E=young(eden), S=young(survivor), O=old, HS=humongous(starts), HC=humongous(continues), CS=collection set, F=free, TAMS=top-at-mark-start, PB=parsable bottom
|   0|0x000000008a800000, 0x000000008a900000, 0x000000008a900000|100%|HS|  |TAMS 0x000000008a800000| PB 0x000000008a800000| Complete 
|   1|0x000000008a900000, 0x000000008aa00000, 0x000000008aa00000|100%|HC|  |TAMS 0x000000008a900000| PB 0x000000008a900000| Complete 
|   2|0x000000008aa00000, 0x000000008ab00000, 0x000000008ab00000|100%|HC|  |TAMS 0x000000008aa00000| PB 0x000000008aa00000| Complete 
|   3|0x000000008ab00000, 0x000000008ac00000, 0x000000008ac00000|100%| O|  |TAMS 0x000000008ab00000| PB 0x000000008ab00000| Untracked 
|   4|0x000000008ac00000, 0x000000008ad00000, 0x000000008ad00000|100%|HS|  |TAMS 0x000000008ac00000| PB 0x000000008ac00000| Complete 
|   5|0x000000008ad00000, 0x000000008ae00000, 0x000000008ae00000|100%| O|  |TAMS 0x000000008ad00000| PB 0x000000008ad00000| Untracked 
|   6|0x000000008ae00000, 0x000000008af00000, 0x000000008af00000|100%| O|  |TAMS 0x000000008ae00000| PB 0x000000008ae00000| Untracked 
|   7|0x000000008af00000, 0x000000008b000000, 0x000000008b000000|100%| O|  |TAMS 0x000000008af00000| PB 0x000000008af00000| Untracked 
|   8|0x000000008b000000, 0x000000008b100000, 0x000000008b100000|100%| O|  |TAMS 0x000000008b000000| PB 0x000000008b000000| Untracked 
|   9|0x000000008b100000, 0x000000008b200000, 0x000000008b200000|100%| O|  |TAMS 0x000000008b100000| PB 0x000000008b100000| Untracked 
|  10|0x000000008b200000, 0x000000008b300000, 0x000000008b300000|100%| O|  |TAMS 0x000000008b200000| PB 0x000000008b200000| Untracked 
|  11|0x000000008b300000, 0x000000008b400000, 0x000000008b400000|100%| O|  |TAMS 0x000000008b300000| PB 0x000000008b300000| Untracked 
|  12|0x000000008b400000, 0x000000008b500000, 0x000000008b500000|100%| O|  |TAMS 0x000000008b400000| PB 0x000000008b400000| Untracked 
|  13|0x000000008b500000, 0x000000008b600000, 0x000000008b600000|100%| O|  |TAMS 0x000000008b500000| PB 0x000000008b500000| Untracked 
|  14|0x000000008b600000, 0x000000008b700000, 0x000000008b700000|100%| O|  |TAMS 0x000000008b600000| PB 0x000000008b600000| Untracked 
|  15|0x000000008b700000, 0x000000008b800000, 0x000000008b800000|100%| O|  |TAMS 0x000000008b700000| PB 0x000000008b700000| Untracked 
|  16|0x000000008b800000, 0x000000008b900000, 0x000000008b900000|100%| O|  |TAMS 0x000000008b800000| PB 0x000000008b800000| Untracked 
|  17|0x000000008b900000, 0x000000008ba00000, 0x000000008ba00000|100%| O|  |TAMS 0x000000008b900000| PB 0x000000008b900000| Untracked 
|  18|0x000000008ba00000, 0x000000008ba652b0, 0x000000008bb00000| 39%| O|  |TAMS 0x000000008ba00000| PB 0x000000008ba00000| Untracked 
|  19|0x000000008bb00000, 0x000000008bb00000, 0x000000008bc00000|  0%| F|  |TAMS 0x000000008bb00000| PB 0x000000008bb00000| Untracked 
|  20|0x000000008bc00000, 0x000000008bc00000, 0x000000008bd00000|  0%| F|  |TAMS 0x000000008bc00000| PB 0x000000008bc00000| Untracked 
|  21|0x000000008bd00000, 0x000000008bd00000, 0x000000008be00000|  0%| F|  |TAMS 0x000000008bd00000| PB 0x000000008bd00000| Untracked 
|  22|0x000000008be00000, 0x000000008be00000, 0x000000008bf00000|  0%| F|  |TAMS 0x000000008be00000| PB 0x000000008be00000| Untracked 
|  23|0x000000008bf00000, 0x000000008bf2ce30, 0x000000008c000000| 17%| S|CS|TAMS 0x000000008bf00000| PB 0x000000008bf00000| Complete 
|  24|0x000000008c000000, 0x000000008c000000, 0x000000008c100000|  0%| F|  |TAMS 0x000000008c000000| PB 0x000000008c000000| Untracked 
|  25|0x000000008c100000, 0x000000008c100000, 0x000000008c200000|  0%| F|  |TAMS 0x000000008c100000| PB 0x000000008c100000| Untracked 
|  26|0x000000008c200000, 0x000000008c300000, 0x000000008c300000|100%| S|CS|TAMS 0x000000008c200000| PB 0x000000008c200000| Complete 
|  27|0x000000008c300000, 0x000000008c300000, 0x000000008c400000|  0%| F|  |TAMS 0x000000008c300000| PB 0x000000008c300000| Untracked 
|  28|0x000000008c400000, 0x000000008c400000, 0x000000008c500000|  0%| F|  |TAMS 0x000000008c400000| PB 0x000000008c400000| Untracked 
|  29|0x000000008c500000, 0x000000008c500000, 0x000000008c600000|  0%| F|  |TAMS 0x000000008c500000| PB 0x000000008c500000| Untracked 
|  30|0x000000008c600000, 0x000000008c600000, 0x000000008c700000|  0%| F|  |TAMS 0x000000008c600000| PB 0x000000008c600000| Untracked 
|  31|0x000000008c700000, 0x000000008c700000, 0x000000008c800000|  0%| F|  |TAMS 0x000000008c700000| PB 0x000000008c700000| Untracked 
|  32|0x000000008c800000, 0x000000008c800000, 0x000000008c900000|  0%| F|  |TAMS 0x000000008c800000| PB 0x000000008c800000| Untracked 
|  33|0x000000008c900000, 0x000000008c900000, 0x000000008ca00000|  0%| F|  |TAMS 0x000000008c900000| PB 0x000000008c900000| Untracked 
|  34|0x000000008ca00000, 0x000000008ca00000, 0x000000008cb00000|  0%| F|  |TAMS 0x000000008ca00000| PB 0x000000008ca00000| Untracked 
|  35|0x000000008cb00000, 0x000000008cb00000, 0x000000008cc00000|  0%| F|  |TAMS 0x000000008cb00000| PB 0x000000008cb00000| Untracked 
|  36|0x000000008cc00000, 0x000000008cc00000, 0x000000008cd00000|  0%| F|  |TAMS 0x000000008cc00000| PB 0x000000008cc00000| Untracked 
|  37|0x000000008cd00000, 0x000000008cd00000, 0x000000008ce00000|  0%| F|  |TAMS 0x000000008cd00000| PB 0x000000008cd00000| Untracked 
|  38|0x000000008ce00000, 0x000000008ce00000, 0x000000008cf00000|  0%| F|  |TAMS 0x000000008ce00000| PB 0x000000008ce00000| Untracked 
|  39|0x000000008cf00000, 0x000000008cf00000, 0x000000008d000000|  0%| F|  |TAMS 0x000000008cf00000| PB 0x000000008cf00000| Untracked 
|  91|0x0000000090300000, 0x0000000090300000, 0x0000000090400000|  0%| F|  |TAMS 0x0000000090300000| PB 0x0000000090300000| Untracked 
|  95|0x0000000090700000, 0x0000000090700000, 0x0000000090800000|  0%| F|  |TAMS 0x0000000090700000| PB 0x0000000090700000| Untracked 
| 117|0x0000000091d00000, 0x0000000091dab0a0, 0x0000000091e00000| 66%| E|  |TAMS 0x0000000091d00000| PB 0x0000000091d00000| Complete 
|1878|0x00000000ffe00000, 0x00000000fff00000, 0x00000000fff00000|100%| O|  |TAMS 0x00000000ffe00000| PB 0x00000000ffe00000| Untracked 
|1879|0x00000000fff00000, 0x0000000100000000, 0x0000000100000000|100%| O|  |TAMS 0x00000000fff00000| PB 0x00000000fff00000| Untracked 

Card table byte_map: [0x000001bbc06f0000,0x000001bbc0aa0000] _byte_map_base: 0x000001bbc029c000

Marking Bits: (CMBitMap*) 0x000001bbadced6e0
 Bits: [0x000001bbc0aa0000, 0x000001bbc2800000)

Polling page: 0x000001bbad460000

Metaspace:

Usage:
  Non-class:     37.16 MB used.
      Class:      5.05 MB used.
       Both:     42.21 MB used.

Virtual space:
  Non-class space:       64.00 MB reserved,      37.50 MB ( 59%) committed,  1 nodes.
      Class space:        1.00 GB reserved,       5.31 MB ( <1%) committed,  1 nodes.
             Both:        1.06 GB reserved,      42.81 MB (  4%) committed. 

Chunk freelists:
   Non-Class:  9.75 MB
       Class:  10.70 MB
        Both:  20.44 MB

MaxMetaspaceSize: unlimited
CompressedClassSpaceSize: 1.00 GB
Initial GC threshold: 21.00 MB
Current GC threshold: 57.50 MB
CDS: off
 - commit_granule_bytes: 65536.
 - commit_granule_words: 8192.
 - virtual_space_node_default_size: 8388608.
 - enlarge_chunks_in_place: 1.
 - use_allocation_guard: 0.


Internal statistics:

num_allocs_failed_limit: 3.
num_arena_births: 868.
num_arena_deaths: 0.
num_vsnodes_births: 2.
num_vsnodes_deaths: 0.
num_space_committed: 684.
num_space_uncommitted: 0.
num_chunks_returned_to_freelist: 3.
num_chunks_taken_from_freelist: 2200.
num_chunk_merges: 3.
num_chunk_splits: 1655.
num_chunks_enlarged: 1264.
num_inconsistent_stats: 0.

CodeHeap 'non-profiled nmethods': size=120000Kb used=1342Kb max_used=1342Kb free=118657Kb
 bounds [0x000001bbb88c0000, 0x000001bbb8b30000, 0x000001bbbfdf0000]
CodeHeap 'profiled nmethods': size=120000Kb used=4650Kb max_used=4650Kb free=115349Kb
 bounds [0x000001bbb0df0000, 0x000001bbb1280000, 0x000001bbb8320000]
CodeHeap 'non-nmethods': size=5760Kb used=1513Kb max_used=1540Kb free=4246Kb
 bounds [0x000001bbb8320000, 0x000001bbb8590000, 0x000001bbb88c0000]
 total_blobs=3175 nmethods=2580 adapters=499
 compilation: enabled
              stopped_count=0, restarted_count=0
 full_count=0

Compilation events (20 events):
Event: 2.444 Thread 0x000001bbc5621e40 2697       3       java.lang.invoke.InvokerBytecodeGenerator::classDataValues (260 bytes)
Event: 2.445 Thread 0x000001bbc5621e40 nmethod 2697 0x000001bbb1267110 code [0x000001bbb12675c0, 0x000001bbb126a338]
Event: 2.445 Thread 0x000001bbc5621e40 2700       3       java.lang.invoke.LambdaFormBuffer::replaceFunctions (121 bytes)
Event: 2.446 Thread 0x000001bbc5621e40 nmethod 2700 0x000001bbb126ad10 code [0x000001bbb126af60, 0x000001bbb126b8d0]
Event: 2.446 Thread 0x000001bbc5621e40 2698       3       java.lang.invoke.MethodHandles::classData (17 bytes)
Event: 2.446 Thread 0x000001bbc5621e40 nmethod 2698 0x000001bbb126bc10 code [0x000001bbb126be00, 0x000001bbb126c1c0]
Event: 2.446 Thread 0x000001bbc5621e40 2701       3       java.lang.invoke.MethodType::invokers (27 bytes)
Event: 2.446 Thread 0x000001bbc5621e40 nmethod 2701 0x000001bbb126c390 code [0x000001bbb126c560, 0x000001bbb126c988]
Event: 2.448 Thread 0x000001bbc5621e40 2702       3       org.jetbrains.kotlin.container.ComponentStorage::resolve (278 bytes)
Event: 2.451 Thread 0x000001bbc5621e40 nmethod 2702 0x000001bbb126ca90 code [0x000001bbb126d140, 0x000001bbb1270ca0]
Event: 2.451 Thread 0x000001bbc5621e40 2703       3       org.jetbrains.kotlin.container.ComponentStorage::registerDependency (32 bytes)
Event: 2.451 Thread 0x000001bbc5621e40 nmethod 2703 0x000001bbb1271f10 code [0x000001bbb1272180, 0x000001bbb1272e08]
Event: 2.451 Thread 0x000001bbc5621e40 2704       3       java.lang.invoke.MethodType::canConvert (123 bytes)
Event: 2.452 Thread 0x000001bbc5621e40 nmethod 2704 0x000001bbb1273190 code [0x000001bbb1273440, 0x000001bbb1273ce0]
Event: 2.452 Thread 0x000001bbc5621e40 2708       3       java.lang.invoke.LambdaForm$Name::<init> (99 bytes)
Event: 2.453 Thread 0x000001bbc5621e40 nmethod 2708 0x000001bbb1273f90 code [0x000001bbb1274140, 0x000001bbb1274450]
Event: 2.453 Thread 0x000001bbc5621e40 2709       3       java.lang.invoke.LambdaForm$Name::<init> (52 bytes)
Event: 2.453 Thread 0x000001bbc5621e40 nmethod 2709 0x000001bbb1274510 code [0x000001bbb12746e0, 0x000001bbb12748e0]
Event: 2.458 Thread 0x000001bbc56217a0 nmethod 2555 0x000001bbb8a0c890 code [0x000001bbb8a0cb60, 0x000001bbb8a0db78]
Event: 2.458 Thread 0x000001bbc56217a0 2699       4       java.lang.invoke.InvokerBytecodeGenerator::emitPushArgument (150 bytes)

GC Heap History (17 events):
Event: 0.515 GC heap before
{Heap before GC invocations=0 (full 0):
 garbage-first heap   total 120832K, used 26624K [0x000000008a800000, 0x0000000100000000)
  region size 1024K, 23 young (23552K), 0 survivors (0K)
 Metaspace       used 14112K, committed 14272K, reserved 1114112K
  class space    used 1335K, committed 1408K, reserved 1048576K
}
Event: 0.519 GC heap after
{Heap after GC invocations=1 (full 0):
 garbage-first heap   total 120832K, used 6144K [0x000000008a800000, 0x0000000100000000)
  region size 1024K, 3 young (3072K), 3 survivors (3072K)
 Metaspace       used 14112K, committed 14272K, reserved 1114112K
  class space    used 1335K, committed 1408K, reserved 1048576K
}
Event: 0.771 GC heap before
{Heap before GC invocations=1 (full 0):
 garbage-first heap   total 120832K, used 28672K [0x000000008a800000, 0x0000000100000000)
  region size 1024K, 25 young (25600K), 3 survivors (3072K)
 Metaspace       used 21270K, committed 21504K, reserved 1114112K
  class space    used 2249K, committed 2368K, reserved 1048576K
}
Event: 0.777 GC heap after
{Heap after GC invocations=2 (full 0):
 garbage-first heap   total 120832K, used 8831K [0x000000008a800000, 0x0000000100000000)
  region size 1024K, 2 young (2048K), 2 survivors (2048K)
 Metaspace       used 21270K, committed 21504K, reserved 1114112K
  class space    used 2249K, committed 2368K, reserved 1048576K
}
Event: 1.105 GC heap before
{Heap before GC invocations=3 (full 0):
 garbage-first heap   total 30720K, used 30335K [0x000000008a800000, 0x0000000100000000)
  region size 1024K, 23 young (23552K), 2 survivors (2048K)
 Metaspace       used 28838K, committed 29120K, reserved 1114112K
  class space    used 3462K, committed 3584K, reserved 1048576K
}
Event: 1.109 GC heap after
{Heap after GC invocations=4 (full 0):
 garbage-first heap   total 33792K, used 9665K [0x000000008a800000, 0x0000000100000000)
  region size 1024K, 3 young (3072K), 3 survivors (3072K)
 Metaspace       used 28838K, committed 29120K, reserved 1114112K
  class space    used 3462K, committed 3584K, reserved 1048576K
}
Event: 1.253 GC heap before
{Heap before GC invocations=4 (full 0):
 garbage-first heap   total 33792K, used 27073K [0x000000008a800000, 0x0000000100000000)
  region size 1024K, 19 young (19456K), 3 survivors (3072K)
 Metaspace       used 29258K, committed 29568K, reserved 1114112K
  class space    used 3480K, committed 3648K, reserved 1048576K
}
Event: 1.262 GC heap after
{Heap after GC invocations=5 (full 0):
 garbage-first heap   total 35840K, used 15949K [0x000000008a800000, 0x0000000100000000)
  region size 1024K, 3 young (3072K), 3 survivors (3072K)
 Metaspace       used 29258K, committed 29568K, reserved 1114112K
  class space    used 3480K, committed 3648K, reserved 1048576K
}
Event: 1.460 GC heap before
{Heap before GC invocations=5 (full 0):
 garbage-first heap   total 35840K, used 28237K [0x000000008a800000, 0x0000000100000000)
  region size 1024K, 16 young (16384K), 3 survivors (3072K)
 Metaspace       used 32779K, committed 33024K, reserved 1114112K
  class space    used 4079K, committed 4160K, reserved 1048576K
}
Event: 1.467 GC heap after
{Heap after GC invocations=6 (full 0):
 garbage-first heap   total 35840K, used 18090K [0x000000008a800000, 0x0000000100000000)
  region size 1024K, 2 young (2048K), 2 survivors (2048K)
 Metaspace       used 32779K, committed 33024K, reserved 1114112K
  class space    used 4079K, committed 4160K, reserved 1048576K
}
Event: 1.673 GC heap before
{Heap before GC invocations=6 (full 0):
 garbage-first heap   total 35840K, used 28330K [0x000000008a800000, 0x0000000100000000)
  region size 1024K, 13 young (13312K), 2 survivors (2048K)
 Metaspace       used 35055K, committed 35328K, reserved 1114112K
  class space    used 4308K, committed 4416K, reserved 1048576K
}
Event: 1.678 GC heap after
{Heap after GC invocations=7 (full 0):
 garbage-first heap   total 35840K, used 17748K [0x000000008a800000, 0x0000000100000000)
  region size 1024K, 2 young (2048K), 2 survivors (2048K)
 Metaspace       used 35055K, committed 35328K, reserved 1114112K
  class space    used 4308K, committed 4416K, reserved 1048576K
}
Event: 1.938 GC heap before
{Heap before GC invocations=8 (full 0):
 garbage-first heap   total 35840K, used 29012K [0x000000008a800000, 0x0000000100000000)
  region size 1024K, 13 young (13312K), 2 survivors (2048K)
 Metaspace       used 36894K, committed 37120K, reserved 1114112K
  class space    used 4522K, committed 4608K, reserved 1048576K
}
Event: 1.941 GC heap after
{Heap after GC invocations=9 (full 0):
 garbage-first heap   total 46080K, used 19147K [0x000000008a800000, 0x0000000100000000)
  region size 1024K, 2 young (2048K), 2 survivors (2048K)
 Metaspace       used 36894K, committed 37120K, reserved 1114112K
  class space    used 4522K, committed 4608K, reserved 1048576K
}
Event: 2.183 GC heap before
{Heap before GC invocations=9 (full 0):
 garbage-first heap   total 46080K, used 35531K [0x000000008a800000, 0x0000000100000000)
  region size 1024K, 19 young (19456K), 2 survivors (2048K)
 Metaspace       used 40756K, committed 41088K, reserved 1114112K
  class space    used 4813K, committed 4992K, reserved 1048576K
}
Event: 2.189 GC heap after
{Heap after GC invocations=10 (full 0):
 garbage-first heap   total 46080K, used 20815K [0x000000008a800000, 0x0000000100000000)
  region size 1024K, 2 young (2048K), 2 survivors (2048K)
 Metaspace       used 40756K, committed 41088K, reserved 1114112K
  class space    used 4813K, committed 4992K, reserved 1048576K
}
Event: 2.458 GC heap before
{Heap before GC invocations=10 (full 0):
 garbage-first heap   total 46080K, used 37199K [0x000000008a800000, 0x0000000100000000)
  region size 1024K, 18 young (18432K), 2 survivors (2048K)
 Metaspace       used 43141K, committed 43712K, reserved 1114112K
  class space    used 5160K, committed 5440K, reserved 1048576K
}

Dll operation events (3 events):
Event: 0.017 Loaded shared library C:\Program Files\Android\Android Studio\jbr\bin\java.dll
Event: 0.022 Loaded shared library C:\Program Files\Android\Android Studio\jbr\bin\zip.dll
Event: 0.985 Loaded shared library C:\Program Files\Android\Android Studio\jbr\bin\verify.dll

Deoptimization events (20 events):
Event: 2.231 Thread 0x000001bbab8908a0 DEOPT PACKING pc=0x000001bbb89e0888 sp=0x0000005fc17fd460
Event: 2.231 Thread 0x000001bbab8908a0 DEOPT UNPACKING pc=0x000001bbb83746a2 sp=0x0000005fc17fd3c8 mode 2
Event: 2.262 Thread 0x000001bbab8908a0 Uncommon trap: trap_request=0xffffffcc fr.pc=0x000001bbb89e8a6c relative=0x000000000000032c
Event: 2.262 Thread 0x000001bbab8908a0 Uncommon trap: reason=intrinsic_or_type_checked_inlining action=make_not_entrant pc=0x000001bbb89e8a6c method=java.util.Arrays.copyOf([Ljava/lang/Object;ILjava/lang/Class;)[Ljava/lang/Object; @ 35 c2
Event: 2.262 Thread 0x000001bbab8908a0 DEOPT PACKING pc=0x000001bbb89e8a6c sp=0x0000005fc17fc580
Event: 2.262 Thread 0x000001bbab8908a0 DEOPT UNPACKING pc=0x000001bbb83746a2 sp=0x0000005fc17fc510 mode 2
Event: 2.365 Thread 0x000001bbab8908a0 Uncommon trap: trap_request=0xffffff45 fr.pc=0x000001bbb8987488 relative=0x0000000000000168
Event: 2.365 Thread 0x000001bbab8908a0 Uncommon trap: reason=unstable_if action=reinterpret pc=0x000001bbb8987488 method=java.util.concurrent.locks.ReentrantLock$NonfairSync.initialTryLock()Z @ 10 c2
Event: 2.365 Thread 0x000001bbab8908a0 DEOPT PACKING pc=0x000001bbb8987488 sp=0x0000005fc17fcb90
Event: 2.365 Thread 0x000001bbab8908a0 DEOPT UNPACKING pc=0x000001bbb83746a2 sp=0x0000005fc17fca80 mode 2
Event: 2.407 Thread 0x000001bbab8908a0 Uncommon trap: trap_request=0xffffff45 fr.pc=0x000001bbb89cb0a8 relative=0x0000000000000568
Event: 2.407 Thread 0x000001bbab8908a0 Uncommon trap: reason=unstable_if action=reinterpret pc=0x000001bbb89cb0a8 method=java.util.ArrayList.grow(I)[Ljava/lang/Object; @ 17 c2
Event: 2.407 Thread 0x000001bbab8908a0 DEOPT PACKING pc=0x000001bbb89cb0a8 sp=0x0000005fc17fcac0
Event: 2.407 Thread 0x000001bbab8908a0 DEOPT UNPACKING pc=0x000001bbb83746a2 sp=0x0000005fc17fca78 mode 2
Event: 2.420 Thread 0x000001bbab8908a0 Uncommon trap: trap_request=0xffffff45 fr.pc=0x000001bbb89548ac relative=0x000000000000026c
Event: 2.420 Thread 0x000001bbab8908a0 Uncommon trap: reason=unstable_if action=reinterpret pc=0x000001bbb89548ac method=java.lang.StringLatin1.indexOf([BI[BII)I @ 27 c2
Event: 2.420 Thread 0x000001bbab8908a0 DEOPT PACKING pc=0x000001bbb89548ac sp=0x0000005fc17fc340
Event: 2.420 Thread 0x000001bbab8908a0 DEOPT UNPACKING pc=0x000001bbb83746a2 sp=0x0000005fc17fc2a0 mode 2
Event: 2.430 Thread 0x000001bbab8908a0 DEOPT PACKING pc=0x000001bbb124c945 sp=0x0000005fc17fc2b0
Event: 2.430 Thread 0x000001bbab8908a0 DEOPT UNPACKING pc=0x000001bbb8374e42 sp=0x0000005fc17fb700 mode 0

Classes loaded (20 events):
Event: 2.285 Loading class java/util/TreeMap$EntryIterator
Event: 2.285 Loading class java/util/TreeMap$EntryIterator done
Event: 2.287 Loading class java/lang/invoke/BoundMethodHandle$Species_LLLLLLLLLLLLLLL
Event: 2.287 Loading class java/lang/invoke/BoundMethodHandle$Species_LLLLLLLLLLLLLLL done
Event: 2.289 Loading class java/lang/invoke/BoundMethodHandle$Species_LLLLLLLLLLLLLLLL
Event: 2.289 Loading class java/lang/invoke/BoundMethodHandle$Species_LLLLLLLLLLLLLLLL done
Event: 2.290 Loading class java/lang/invoke/BoundMethodHandle$Species_LLLLLLLLLLLLLLLLL
Event: 2.290 Loading class java/lang/invoke/BoundMethodHandle$Species_LLLLLLLLLLLLLLLLL done
Event: 2.292 Loading class java/lang/invoke/BoundMethodHandle$Species_LLLLLLLLLLLLLLLLLL
Event: 2.292 Loading class java/lang/invoke/BoundMethodHandle$Species_LLLLLLLLLLLLLLLLLL done
Event: 2.314 Loading class java/lang/invoke/BoundMethodHandle$Species_LLLLLLLLLLLLLLLLLLL
Event: 2.314 Loading class java/lang/invoke/BoundMethodHandle$Species_LLLLLLLLLLLLLLLLLLL done
Event: 2.316 Loading class java/lang/invoke/BoundMethodHandle$Species_LLLLLLLLLLLLLLLLLLLL
Event: 2.316 Loading class java/lang/invoke/BoundMethodHandle$Species_LLLLLLLLLLLLLLLLLLLL done
Event: 2.319 Loading class java/lang/invoke/BoundMethodHandle$Species_LLLLLLLLLLLLLLLLLLLLL
Event: 2.319 Loading class java/lang/invoke/BoundMethodHandle$Species_LLLLLLLLLLLLLLLLLLLLL done
Event: 2.322 Loading class java/lang/invoke/BoundMethodHandle$Species_LLLLLLLLLLLLLLLLLLLLLL
Event: 2.322 Loading class java/lang/invoke/BoundMethodHandle$Species_LLLLLLLLLLLLLLLLLLLLLL done
Event: 2.324 Loading class java/lang/invoke/BoundMethodHandle$Species_LLLLLLLLLLLLLLLLLLLLLLL
Event: 2.324 Loading class java/lang/invoke/BoundMethodHandle$Species_LLLLLLLLLLLLLLLLLLLLLLL done

Classes unloaded (0 events):
No events

Classes redefined (0 events):
No events

Internal exceptions (20 events):
Event: 2.284 Thread 0x000001bbab8908a0 Exception <a 'java/lang/NoSuchMethodError'{0x000000008cda6ff8}: 'java.lang.Object java.lang.invoke.DirectMethodHandle$Holder.newInvokeSpecial(java.lang.Object, java.lang.Object, java.lang.Object, java.lang.Object, java.lang.Object, java.lang.Object, java.lang.Object, java.lang.Object, java.lang.Object, java.lang.Object, java.lang.Object, java.lang.Object, java.lang.Object, java.lang.Object, java.lang.Object, java.lang.Object, java.lang.Object, java.lang.Object, java.lang.Object)'> (0x000000008cda6ff8) 
thr
Event: 2.284 Thread 0x000001bbab8908a0 Exception <a 'java/lang/NoSuchMethodError'{0x000000008cdadba8}: 'java.lang.Object java.lang.invoke.DirectMethodHandle$Holder.invokeSpecial(java.lang.Object, java.lang.Object, java.lang.Object, java.lang.Object, java.lang.Object, java.lang.Object, java.lang.Object, java.lang.Object, java.lang.Object, java.lang.Object, java.lang.Object, java.lang.Object, java.lang.Object, java.lang.Object, java.lang.Object, java.lang.Object, java.lang.Object, java.lang.Object, java.lang.Object, java.lang.Object)'> (0x0000000
Event: 2.284 Thread 0x000001bbab8908a0 Exception <a 'java/lang/NoSuchMethodError'{0x000000008cdb37b8}: 'java.lang.Object java.lang.invoke.DelegatingMethodHandle$Holder.reinvoke_L(java.lang.Object, java.lang.Object, java.lang.Object, java.lang.Object, java.lang.Object, java.lang.Object, java.lang.Object, java.lang.Object, java.lang.Object, java.lang.Object, java.lang.Object, java.lang.Object, java.lang.Object, java.lang.Object, java.lang.Object, java.lang.Object, java.lang.Object, java.lang.Object, java.lang.Object)'> (0x000000008cdb37b8) 
throw
Event: 2.288 Thread 0x000001bbab8908a0 Exception <a 'java/lang/NoSuchMethodError'{0x000000008cc217f8}: 'java.lang.Object java.lang.invoke.DirectMethodHandle$Holder.invokeStatic(java.lang.Object, java.lang.Object, java.lang.Object, java.lang.Object, java.lang.Object, java.lang.Object, java.lang.Object, java.lang.Object, java.lang.Object, java.lang.Object, java.lang.Object, java.lang.Object, java.lang.Object, java.lang.Object, java.lang.Object, java.lang.Object, java.lang.Object, java.lang.Object)'> (0x000000008cc217f8) 
thrown [s\src\hotspot\sha
Event: 2.290 Thread 0x000001bbab8908a0 Exception <a 'java/lang/NoSuchMethodError'{0x000000008cc49168}: 'java.lang.Object java.lang.invoke.DirectMethodHandle$Holder.invokeStatic(java.lang.Object, java.lang.Object, java.lang.Object, java.lang.Object, java.lang.Object, java.lang.Object, java.lang.Object, java.lang.Object, java.lang.Object, java.lang.Object, java.lang.Object, java.lang.Object, java.lang.Object, java.lang.Object, java.lang.Object, java.lang.Object, java.lang.Object, java.lang.Object, java.lang.Object)'> (0x000000008cc49168) 
thrown 
Event: 2.291 Thread 0x000001bbab8908a0 Exception <a 'java/lang/NoSuchMethodError'{0x000000008cc72220}: 'java.lang.Object java.lang.invoke.DirectMethodHandle$Holder.invokeStatic(java.lang.Object, java.lang.Object, java.lang.Object, java.lang.Object, java.lang.Object, java.lang.Object, java.lang.Object, java.lang.Object, java.lang.Object, java.lang.Object, java.lang.Object, java.lang.Object, java.lang.Object, java.lang.Object, java.lang.Object, java.lang.Object, java.lang.Object, java.lang.Object, java.lang.Object, java.lang.Object)'> (0x00000000
Event: 2.293 Thread 0x000001bbab8908a0 Exception <a 'java/lang/NoSuchMethodError'{0x000000008cc9c248}: 'java.lang.Object java.lang.invoke.DirectMethodHandle$Holder.invokeStatic(java.lang.Object, java.lang.Object, java.lang.Object, java.lang.Object, java.lang.Object, java.lang.Object, java.lang.Object, java.lang.Object, java.lang.Object, java.lang.Object, java.lang.Object, java.lang.Object, java.lang.Object, java.lang.Object, java.lang.Object, java.lang.Object, java.lang.Object, java.lang.Object, java.lang.Object, java.lang.Object, java.lang.Obj
Event: 2.305 Thread 0x000001bbab8908a0 Exception <a 'java/lang/NoSuchMethodError'{0x000000008ccfd840}: 'java.lang.Object java.lang.invoke.DirectMethodHandle$Holder.newInvokeSpecial(java.lang.Object, java.lang.Object, java.lang.Object, java.lang.Object, java.lang.Object, java.lang.Object)'> (0x000000008ccfd840) 
thrown [s\src\hotspot\share\interpreter\linkResolver.cpp, line 784]
Event: 2.308 Thread 0x000001bbab8908a0 Exception <a 'java/lang/NoSuchMethodError'{0x000000008cb28688}: 'java.lang.Object java.lang.invoke.DelegatingMethodHandle$Holder.reinvoke_L(java.lang.Object, java.lang.Object, java.lang.Object, java.lang.Object, java.lang.Object, java.lang.Object, java.lang.Object, java.lang.Object, java.lang.Object, java.lang.Object, java.lang.Object, java.lang.Object, java.lang.Object, java.lang.Object, java.lang.Object, java.lang.Object, java.lang.Object, java.lang.Object, java.lang.Object, java.lang.Object, java.lang.O
Event: 2.315 Thread 0x000001bbab8908a0 Exception <a 'java/lang/NoSuchMethodError'{0x000000008cbbff98}: 'java.lang.Object java.lang.invoke.DirectMethodHandle$Holder.invokeStatic(java.lang.Object, java.lang.Object, java.lang.Object, java.lang.Object, java.lang.Object, java.lang.Object, java.lang.Object, java.lang.Object, java.lang.Object, java.lang.Object, java.lang.Object, java.lang.Object, java.lang.Object, java.lang.Object, java.lang.Object, java.lang.Object, java.lang.Object, java.lang.Object, java.lang.Object, java.lang.Object, java.lang.Obj
Event: 2.318 Thread 0x000001bbab8908a0 Exception <a 'java/lang/NoSuchMethodError'{0x000000008cbec2d8}: 'java.lang.Object java.lang.invoke.DirectMethodHandle$Holder.invokeStatic(java.lang.Object, java.lang.Object, java.lang.Object, java.lang.Object, java.lang.Object, java.lang.Object, java.lang.Object, java.lang.Object, java.lang.Object, java.lang.Object, java.lang.Object, java.lang.Object, java.lang.Object, java.lang.Object, java.lang.Object, java.lang.Object, java.lang.Object, java.lang.Object, java.lang.Object, java.lang.Object, java.lang.Obj
Event: 2.320 Thread 0x000001bbab8908a0 Exception <a 'java/lang/NoSuchMethodError'{0x000000008ca19b30}: 'java.lang.Object java.lang.invoke.DirectMethodHandle$Holder.invokeStatic(java.lang.Object, java.lang.Object, java.lang.Object, java.lang.Object, java.lang.Object, java.lang.Object, java.lang.Object, java.lang.Object, java.lang.Object, java.lang.Object, java.lang.Object, java.lang.Object, java.lang.Object, java.lang.Object, java.lang.Object, java.lang.Object, java.lang.Object, java.lang.Object, java.lang.Object, java.lang.Object, java.lang.Obj
Event: 2.323 Thread 0x000001bbab8908a0 Exception <a 'java/lang/NoSuchMethodError'{0x000000008ca485e8}: 'java.lang.Object java.lang.invoke.DirectMethodHandle$Holder.invokeStatic(java.lang.Object, java.lang.Object, java.lang.Object, java.lang.Object, java.lang.Object, java.lang.Object, java.lang.Object, java.lang.Object, java.lang.Object, java.lang.Object, java.lang.Object, java.lang.Object, java.lang.Object, java.lang.Object, java.lang.Object, java.lang.Object, java.lang.Object, java.lang.Object, java.lang.Object, java.lang.Object, java.lang.Obj
Event: 2.325 Thread 0x000001bbab8908a0 Exception <a 'java/lang/NoSuchMethodError'{0x000000008ca78a88}: 'java.lang.Object java.lang.invoke.DirectMethodHandle$Holder.invokeStatic(java.lang.Object, java.lang.Object, java.lang.Object, java.lang.Object, java.lang.Object, java.lang.Object, java.lang.Object, java.lang.Object, java.lang.Object, java.lang.Object, java.lang.Object, java.lang.Object, java.lang.Object, java.lang.Object, java.lang.Object, java.lang.Object, java.lang.Object, java.lang.Object, java.lang.Object, java.lang.Object, java.lang.Obj
Event: 2.348 Thread 0x000001bbab8908a0 Exception <a 'java/lang/NoSuchMethodError'{0x000000008c9ae6c0}: 'java.lang.Object java.lang.invoke.DirectMethodHandle$Holder.newInvokeSpecial(java.lang.Object, java.lang.Object, java.lang.Object, java.lang.Object, java.lang.Object, java.lang.Object, java.lang.Object, java.lang.Object, java.lang.Object, java.lang.Object, java.lang.Object, java.lang.Object, java.lang.Object, java.lang.Object, java.lang.Object, java.lang.Object, java.lang.Object, java.lang.Object, java.lang.Object, java.lang.Object)'> (0x0000
Event: 2.349 Thread 0x000001bbab8908a0 Exception <a 'java/lang/NoSuchMethodError'{0x000000008c9b4840}: 'java.lang.Object java.lang.invoke.DirectMethodHandle$Holder.invokeSpecial(java.lang.Object, java.lang.Object, java.lang.Object, java.lang.Object, java.lang.Object, java.lang.Object, java.lang.Object, java.lang.Object, java.lang.Object, java.lang.Object, java.lang.Object, java.lang.Object, java.lang.Object, java.lang.Object, java.lang.Object, java.lang.Object, java.lang.Object, java.lang.Object, java.lang.Object, java.lang.Object, java.lang.Ob
Event: 2.349 Thread 0x000001bbab8908a0 Exception <a 'java/lang/NoSuchMethodError'{0x000000008c9b9850}: 'java.lang.Object java.lang.invoke.DelegatingMethodHandle$Holder.reinvoke_L(java.lang.Object, java.lang.Object, java.lang.Object, java.lang.Object, java.lang.Object, java.lang.Object, java.lang.Object, java.lang.Object, java.lang.Object, java.lang.Object, java.lang.Object, java.lang.Object, java.lang.Object, java.lang.Object, java.lang.Object, java.lang.Object, java.lang.Object, java.lang.Object, java.lang.Object, java.lang.Object)'> (0x000000
Event: 2.457 Thread 0x000001bbab8908a0 Exception <a 'java/lang/NoSuchMethodError'{0x000000008c3d4ba8}: 'java.lang.Object java.lang.invoke.DirectMethodHandle$Holder.newInvokeSpecial(java.lang.Object, java.lang.Object, java.lang.Object, java.lang.Object, java.lang.Object, java.lang.Object, java.lang.Object, java.lang.Object, java.lang.Object, java.lang.Object, java.lang.Object, java.lang.Object, java.lang.Object, java.lang.Object, java.lang.Object, java.lang.Object)'> (0x000000008c3d4ba8) 
thrown [s\src\hotspot\share\interpreter\linkResolver.cpp,
Event: 2.457 Thread 0x000001bbab8908a0 Exception <a 'java/lang/NoSuchMethodError'{0x000000008c3da3e8}: 'java.lang.Object java.lang.invoke.DirectMethodHandle$Holder.invokeSpecial(java.lang.Object, java.lang.Object, java.lang.Object, java.lang.Object, java.lang.Object, java.lang.Object, java.lang.Object, java.lang.Object, java.lang.Object, java.lang.Object, java.lang.Object, java.lang.Object, java.lang.Object, java.lang.Object, java.lang.Object, java.lang.Object, java.lang.Object)'> (0x000000008c3da3e8) 
thrown [s\src\hotspot\share\interpreter\li
Event: 2.457 Thread 0x000001bbab8908a0 Exception <a 'java/lang/NoSuchMethodError'{0x000000008c3ded78}: 'java.lang.Object java.lang.invoke.DelegatingMethodHandle$Holder.reinvoke_L(java.lang.Object, java.lang.Object, java.lang.Object, java.lang.Object, java.lang.Object, java.lang.Object, java.lang.Object, java.lang.Object, java.lang.Object, java.lang.Object, java.lang.Object, java.lang.Object, java.lang.Object, java.lang.Object, java.lang.Object, java.lang.Object)'> (0x000000008c3ded78) 
thrown [s\src\hotspot\share\interpreter\linkResolver.cpp, l

ZGC Phase Switch (0 events):
No events

VM Operations (20 events):
Event: 1.412 Executing VM operation: HandshakeAllThreads (Deoptimize) done
Event: 1.460 Executing VM operation: G1CollectForAllocation (G1 Evacuation Pause)
Event: 1.467 Executing VM operation: G1CollectForAllocation (G1 Evacuation Pause) done
Event: 1.558 Executing VM operation: HandshakeAllThreads (Deoptimize)
Event: 1.558 Executing VM operation: HandshakeAllThreads (Deoptimize) done
Event: 1.673 Executing VM operation: G1CollectForAllocation (G1 Evacuation Pause)
Event: 1.678 Executing VM operation: G1CollectForAllocation (G1 Evacuation Pause) done
Event: 1.686 Executing VM operation: G1PauseRemark
Event: 1.690 Executing VM operation: G1PauseRemark done
Event: 1.692 Executing VM operation: G1PauseCleanup
Event: 1.693 Executing VM operation: G1PauseCleanup done
Event: 1.937 Executing VM operation: G1CollectForAllocation (G1 Evacuation Pause)
Event: 1.941 Executing VM operation: G1CollectForAllocation (G1 Evacuation Pause) done
Event: 2.087 Executing VM operation: HandshakeAllThreads (Deoptimize)
Event: 2.087 Executing VM operation: HandshakeAllThreads (Deoptimize) done
Event: 2.183 Executing VM operation: G1CollectForAllocation (G1 Evacuation Pause)
Event: 2.189 Executing VM operation: G1CollectForAllocation (G1 Evacuation Pause) done
Event: 2.214 Executing VM operation: HandshakeAllThreads (Deoptimize)
Event: 2.214 Executing VM operation: HandshakeAllThreads (Deoptimize) done
Event: 2.458 Executing VM operation: G1CollectForAllocation (G1 Evacuation Pause)

Memory protections (0 events):
No events

Nmethod flushes (20 events):
Event: 1.689 Thread 0x000001bbc5458eb0 flushing  nmethod 0x000001bbb0e65790
Event: 1.689 Thread 0x000001bbc5458eb0 flushing  nmethod 0x000001bbb0e66d90
Event: 1.689 Thread 0x000001bbc5458eb0 flushing  nmethod 0x000001bbb0e69090
Event: 1.689 Thread 0x000001bbc5458eb0 flushing  nmethod 0x000001bbb0e69590
Event: 1.689 Thread 0x000001bbc5458eb0 flushing  nmethod 0x000001bbb0e6af90
Event: 1.689 Thread 0x000001bbc5458eb0 flushing  nmethod 0x000001bbb0e6b310
Event: 1.689 Thread 0x000001bbc5458eb0 flushing  nmethod 0x000001bbb0e80690
Event: 1.689 Thread 0x000001bbc5458eb0 flushing  nmethod 0x000001bbb0e83490
Event: 1.689 Thread 0x000001bbc5458eb0 flushing  nmethod 0x000001bbb0e85690
Event: 1.689 Thread 0x000001bbc5458eb0 flushing  nmethod 0x000001bbb0e8be10
Event: 1.689 Thread 0x000001bbc5458eb0 flushing  nmethod 0x000001bbb0eae790
Event: 1.689 Thread 0x000001bbc5458eb0 flushing  nmethod 0x000001bbb0ebd510
Event: 1.689 Thread 0x000001bbc5458eb0 flushing  nmethod 0x000001bbb0ec1a90
Event: 1.689 Thread 0x000001bbc5458eb0 flushing  nmethod 0x000001bbb0ef0010
Event: 1.689 Thread 0x000001bbc5458eb0 flushing  nmethod 0x000001bbb0f16310
Event: 1.689 Thread 0x000001bbc5458eb0 flushing  nmethod 0x000001bbb0f66e90
Event: 1.689 Thread 0x000001bbc5458eb0 flushing  nmethod 0x000001bbb0f77990
Event: 1.689 Thread 0x000001bbc5458eb0 flushing  nmethod 0x000001bbb0f77d10
Event: 1.689 Thread 0x000001bbc5458eb0 flushing  nmethod 0x000001bbb0f78710
Event: 1.689 Thread 0x000001bbc5458eb0 flushing  nmethod 0x000001bbb0f88810

Events (16 events):
Event: 0.022 Thread 0x000001bbab8908a0 Thread added: 0x000001bbab8908a0
Event: 0.060 Thread 0x000001bbab8908a0 Thread added: 0x000001bbc561baa0
Event: 0.061 Thread 0x000001bbab8908a0 Thread added: 0x000001bbc561c7b0
Event: 0.061 Thread 0x000001bbab8908a0 Thread added: 0x000001bbc5633de0
Event: 0.061 Thread 0x000001bbab8908a0 Thread added: 0x000001bbc5632f60
Event: 0.062 Thread 0x000001bbab8908a0 Thread added: 0x000001bbc5620ae0
Event: 0.062 Thread 0x000001bbab8908a0 Thread added: 0x000001bbc5621140
Event: 0.062 Thread 0x000001bbab8908a0 Thread added: 0x000001bbc56217a0
Event: 0.062 Thread 0x000001bbab8908a0 Thread added: 0x000001bbc5621e40
Event: 0.092 Thread 0x000001bbab8908a0 Thread added: 0x000001bbc57f50e0
Event: 0.096 Thread 0x000001bbab8908a0 Thread added: 0x000001bbc57f5900
Event: 0.103 Loaded shared library C:\Program Files\Android\Android Studio\jbr\bin\net.dll
Event: 0.104 Loaded shared library C:\Program Files\Android\Android Studio\jbr\bin\nio.dll
Event: 0.125 Thread 0x000001bbc56217a0 Thread added: 0x000001bbc588b7e0
Event: 0.134 Loaded shared library C:\Program Files\Android\Android Studio\jbr\bin\zip.dll
Event: 0.160 Loaded shared library C:\Program Files\Android\Android Studio\jbr\bin\jimage.dll


Dynamic libraries:
0x00007ff7827c0000 - 0x00007ff7827ca000 	C:\Program Files\Android\Android Studio\jbr\bin\java.exe
0x00007ffcb3b90000 - 0x00007ffcb3da7000 	C:\WINDOWS\SYSTEM32\ntdll.dll
0x00007ffcb18d0000 - 0x00007ffcb1994000 	C:\WINDOWS\System32\KERNEL32.DLL
0x00007ffcb0d20000 - 0x00007ffcb10f2000 	C:\WINDOWS\System32\KERNELBASE.dll
0x00007ffcb1130000 - 0x00007ffcb1241000 	C:\WINDOWS\System32\ucrtbase.dll
0x00007ffc90320000 - 0x00007ffc9033b000 	C:\Program Files\Android\Android Studio\jbr\bin\VCRUNTIME140.dll
0x00007ffcaa630000 - 0x00007ffcaa648000 	C:\Program Files\Android\Android Studio\jbr\bin\jli.dll
0x00007ffcb3970000 - 0x00007ffcb3b21000 	C:\WINDOWS\System32\USER32.dll
0x00007ffc939f0000 - 0x00007ffc93c8b000 	C:\WINDOWS\WinSxS\amd64_microsoft.windows.common-controls_6595b64144ccf1df_6.0.22621.5547_none_27104afb73855772\COMCTL32.dll
0x00007ffcb29b0000 - 0x00007ffcb2a57000 	C:\WINDOWS\System32\msvcrt.dll
0x00007ffcb15c0000 - 0x00007ffcb15e6000 	C:\WINDOWS\System32\win32u.dll
0x00007ffcb2ff0000 - 0x00007ffcb3019000 	C:\WINDOWS\System32\GDI32.dll
0x00007ffcb1350000 - 0x00007ffcb1473000 	C:\WINDOWS\System32\gdi32full.dll
0x00007ffcb0c80000 - 0x00007ffcb0d1a000 	C:\WINDOWS\System32\msvcp_win.dll
0x00007ffcb3930000 - 0x00007ffcb3961000 	C:\WINDOWS\System32\IMM32.DLL
0x00007ffca6d40000 - 0x00007ffca6d4c000 	C:\Program Files\Android\Android Studio\jbr\bin\vcruntime140_1.dll
0x00007ffc8ef00000 - 0x00007ffc8ef8d000 	C:\Program Files\Android\Android Studio\jbr\bin\msvcp140.dll
0x00007ffbf2350000 - 0x00007ffbf2fdb000 	C:\Program Files\Android\Android Studio\jbr\bin\server\jvm.dll
0x00007ffcb1b00000 - 0x00007ffcb1bb1000 	C:\WINDOWS\System32\ADVAPI32.dll
0x00007ffcb2900000 - 0x00007ffcb29a8000 	C:\WINDOWS\System32\sechost.dll
0x00007ffcb1100000 - 0x00007ffcb1128000 	C:\WINDOWS\System32\bcrypt.dll
0x00007ffcb30b0000 - 0x00007ffcb31c4000 	C:\WINDOWS\System32\RPCRT4.dll
0x00007ffcb3030000 - 0x00007ffcb30a1000 	C:\WINDOWS\System32\WS2_32.dll
0x00007ffcb0b50000 - 0x00007ffcb0b9d000 	C:\WINDOWS\SYSTEM32\POWRPROF.dll
0x00007ffcabe30000 - 0x00007ffcabe64000 	C:\WINDOWS\SYSTEM32\WINMM.dll
0x00007ffca6880000 - 0x00007ffca688a000 	C:\WINDOWS\SYSTEM32\VERSION.dll
0x00007ffcb0a80000 - 0x00007ffcb0a93000 	C:\WINDOWS\SYSTEM32\UMPDC.dll
0x00007ffcafc80000 - 0x00007ffcafc98000 	C:\WINDOWS\SYSTEM32\kernel.appcore.dll
0x00007ffca6d00000 - 0x00007ffca6d0a000 	C:\Program Files\Android\Android Studio\jbr\bin\jimage.dll
0x00007ffcae150000 - 0x00007ffcae383000 	C:\WINDOWS\SYSTEM32\DBGHELP.DLL
0x00007ffcb31d0000 - 0x00007ffcb3563000 	C:\WINDOWS\System32\combase.dll
0x00007ffcb3570000 - 0x00007ffcb3647000 	C:\WINDOWS\System32\OLEAUT32.dll
0x00007ffca88f0000 - 0x00007ffca8922000 	C:\WINDOWS\SYSTEM32\dbgcore.DLL
0x00007ffcb1250000 - 0x00007ffcb12cb000 	C:\WINDOWS\System32\bcryptPrimitives.dll
0x00007ffc8a0a0000 - 0x00007ffc8a0c0000 	C:\Program Files\Android\Android Studio\jbr\bin\java.dll
0x00007ffc89b60000 - 0x00007ffc89b78000 	C:\Program Files\Android\Android Studio\jbr\bin\zip.dll
0x00007ffcb1bd0000 - 0x00007ffcb2472000 	C:\WINDOWS\System32\SHELL32.dll
0x00007ffcb1480000 - 0x00007ffcb15bf000 	C:\WINDOWS\System32\wintypes.dll
0x00007ffcaeb60000 - 0x00007ffcaf47d000 	C:\WINDOWS\SYSTEM32\windows.storage.dll
0x00007ffcb3820000 - 0x00007ffcb392c000 	C:\WINDOWS\System32\SHCORE.dll
0x00007ffcb2ea0000 - 0x00007ffcb2f09000 	C:\WINDOWS\System32\shlwapi.dll
0x00007ffcb0bb0000 - 0x00007ffcb0bdb000 	C:\WINDOWS\SYSTEM32\profapi.dll
0x00007ffca1c80000 - 0x00007ffca1c90000 	C:\Program Files\Android\Android Studio\jbr\bin\net.dll
0x00007ffcad330000 - 0x00007ffcad45c000 	C:\WINDOWS\SYSTEM32\WINHTTP.dll
0x00007ffcb0110000 - 0x00007ffcb0179000 	C:\WINDOWS\system32\mswsock.dll
0x00007ffc89af0000 - 0x00007ffc89b06000 	C:\Program Files\Android\Android Studio\jbr\bin\nio.dll
0x00007ffca05e0000 - 0x00007ffca05f0000 	C:\Program Files\Android\Android Studio\jbr\bin\verify.dll

dbghelp: loaded successfully - version: 4.0.5 - missing functions: none
symbol engine: initialized successfully - sym options: 0x614 - pdb path: .;C:\Program Files\Android\Android Studio\jbr\bin;C:\WINDOWS\SYSTEM32;C:\WINDOWS\WinSxS\amd64_microsoft.windows.common-controls_6595b64144ccf1df_6.0.22621.5547_none_27104afb73855772;C:\Program Files\Android\Android Studio\jbr\bin\server

VM Arguments:
java_command: org.jetbrains.kotlin.cli.jvm.K2JVMCompiler @D:\TecnoGuard\TecnoGuardApp\app\build\20250729_17726690206560671648.compiler.options
java_class_path (initial): C:\Users\ricar\.gradle\caches\modules-2\files-2.1\org.jetbrains.kotlin\kotlin-compiler-embeddable\2.0.21\79346ed53db48b18312a472602eb5c057070c54d\kotlin-compiler-embeddable-2.0.21.jar;C:\Users\ricar\.gradle\caches\modules-2\files-2.1\org.jetbrains.kotlin\kotlin-stdlib\2.0.21\618b539767b4899b4660a83006e052b63f1db551\kotlin-stdlib-2.0.21.jar;C:\Users\ricar\.gradle\caches\modules-2\files-2.1\org.jetbrains.kotlin\kotlin-script-runtime\2.0.21\c9b044380ad41f89aa89aa896c2d32a8c0b2129d\kotlin-script-runtime-2.0.21.jar;C:\Users\ricar\.gradle\caches\modules-2\files-2.1\org.jetbrains.kotlin\kotlin-reflect\1.6.10\1cbe9c92c12a94eea200d23c2bbaedaf3daf5132\kotlin-reflect-1.6.10.jar;C:\Users\ricar\.gradle\caches\modules-2\files-2.1\org.jetbrains.kotlin\kotlin-daemon-embeddable\2.0.21\c9e933b23287de9b5a17e2116b4657bb91aea72c\kotlin-daemon-embeddable-2.0.21.jar;C:\Users\ricar\.gradle\caches\modules-2\files-2.1\org.jetbrains.intellij.deps\trove4j\1.0.20200330\3afb14d5f9ceb459d724e907a21145e8ff394f02\trove4j-1.0.20200330.jar;C:\Users\ricar\.gradle\caches\modules-2\files-2.1\org.jetbrains.kotlinx\kotlinx-coroutines-core-jvm\1.6.4\2c997cd1c0ef33f3e751d3831929aeff1390cb30\kotlinx-coroutines-core-jvm-1.6.4.jar;C:\Users\ricar\.gradle\caches\modules-2\files-2.1\org.jetbrains\annotations\13.0\919f0dfe192fb4e063e7dacadee7f8bb9a2672a9\annotations-13.0.jar
Launcher Type: SUN_STANDARD

[Global flags]
     intx CICompilerCount                          = 4                                         {product} {ergonomic}
     uint ConcGCThreads                            = 3                                         {product} {ergonomic}
     uint G1ConcRefinementThreads                  = 10                                        {product} {ergonomic}
   size_t G1HeapRegionSize                         = 1048576                                   {product} {ergonomic}
    uintx GCDrainStackTargetSize                   = 64                                        {product} {ergonomic}
   size_t InitialHeapSize                          = 123731968                                 {product} {ergonomic}
   size_t MarkStackSize                            = 4194304                                   {product} {ergonomic}
   size_t MaxHeapSize                              = 1971322880                                {product} {ergonomic}
   size_t MaxNewSize                               = 1182793728                                {product} {ergonomic}
   size_t MinHeapDeltaBytes                        = 1048576                                   {product} {ergonomic}
   size_t MinHeapSize                              = 8388608                                   {product} {ergonomic}
    uintx NonNMethodCodeHeapSize                   = 5839372                                {pd product} {ergonomic}
    uintx NonProfiledCodeHeapSize                  = 122909434                              {pd product} {ergonomic}
    uintx ProfiledCodeHeapSize                     = 122909434                              {pd product} {ergonomic}
    uintx ReservedCodeCacheSize                    = 251658240                              {pd product} {ergonomic}
     bool SegmentedCodeCache                       = true                                      {product} {ergonomic}
   size_t SoftMaxHeapSize                          = 1971322880                             {manageable} {ergonomic}
     bool UseCompressedOops                        = true                           {product lp64_product} {ergonomic}
     bool UseG1GC                                  = true                                      {product} {ergonomic}
     bool UseLargePagesIndividualAllocation        = false                                  {pd product} {ergonomic}

Logging:
Log output configuration:
 #0: stdout all=warning uptime,level,tags foldmultilines=false
 #1: stderr all=off uptime,level,tags foldmultilines=false

Environment Variables:
PATH=C:\WINDOWS\system32;C:\WINDOWS;C:\WINDOWS\System32\Wbem;C:\WINDOWS\System32\WindowsPowerShell\v1.0\;C:\WINDOWS\System32\OpenSSH\;D:\php\php-8.4.8;C:\ProgramData\ComposerSetup\bin;%NVM_HOME%;%NVM_SYMLINK%;C:\Program Files\Git\cmd;C:\Program Files\Cloudflare\Cloudflare WARP\;C:\Program Files (x86)\Microsoft SQL Server\160\Tools\Binn\;C:\Program Files\Microsoft SQL Server\160\Tools\Binn\;C:\Program Files\Microsoft SQL Server\Client SDK\ODBC\170\Tools\Binn\;C:\Program Files\Microsoft SQL Server\160\DTS\Binn\;C:\Program Files\PuTTY\;C:\Users\ricar\AppData\Local\Programs\Python\Launcher\;C:\Users\ricar\AppData\Local\Microsoft\WindowsApps;C:\Users\ricar\AppData\Local\Programs\Microsoft VS Code\bin;C:\Users\ricar\AppData\Roaming\Composer\vendor\bin;C:\Users\ricar\AppData\Local\nvm;C:\nvm4w\nodejs
USERNAME=ricar
OS=Windows_NT
PROCESSOR_IDENTIFIER=AMD64 Family 23 Model 104 Stepping 1, AuthenticAMD
TMP=C:\Users\ricar\AppData\Local\Temp
TEMP=C:\Users\ricar\AppData\Local\Temp




Periodic native trim disabled

JNI global refs:
JNI global refs: 8, weak refs: 0

JNI global refs memory usage: 835, weak refs: 833

Process memory usage:
Resident Set Size: 191652K (2% of 7694908K total physical memory with 340344K free physical memory)

OOME stack traces (most recent first):
Classloader memory used:
Loader jdk.internal.loader.ClassLoaders$AppClassLoader                                 : 30911K
Loader bootstrap                                                                       : 11936K
Loader java.net.URLClassLoader                                                         : 405K
Loader jdk.internal.loader.ClassLoaders$PlatformClassLoader                            : 18672B

---------------  S Y S T E M  ---------------

OS:
 Windows 11 , 64 bit Build 22621 (10.0.22621.5415)
OS uptime: 14 days 18:02 hours
Hyper-V role detected

CPU: total 12 (initial active 12) (12 cores per cpu, 2 threads per core) family 23 model 104 stepping 1 microcode 0x0, cx8, cmov, fxsr, ht, mmx, 3dnowpref, sse, sse2, sse3, ssse3, sse4a, sse4.1, sse4.2, popcnt, lzcnt, tsc, tscinvbit, avx, avx2, aes, clmul, bmi1, bmi2, adx, sha, fma, vzeroupper, clflush, clflushopt, hv, rdtscp, rdpid, f16c
Processor Information for processor 0
  Max Mhz: 2100, Current Mhz: 1988, Mhz Limit: 2100
Processor Information for processor 1
  Max Mhz: 2100, Current Mhz: 2100, Mhz Limit: 2100
Processor Information for processor 2
  Max Mhz: 2100, Current Mhz: 2100, Mhz Limit: 2100
Processor Information for processor 3
  Max Mhz: 2100, Current Mhz: 1988, Mhz Limit: 2100
Processor Information for processor 4
  Max Mhz: 2100, Current Mhz: 2100, Mhz Limit: 2100
Processor Information for processor 5
  Max Mhz: 2100, Current Mhz: 1988, Mhz Limit: 2100
Processor Information for processor 6
  Max Mhz: 2100, Current Mhz: 1988, Mhz Limit: 2100
Processor Information for processor 7
  Max Mhz: 2100, Current Mhz: 2100, Mhz Limit: 2100
Processor Information for processor 8
  Max Mhz: 2100, Current Mhz: 2100, Mhz Limit: 2100
Processor Information for processor 9
  Max Mhz: 2100, Current Mhz: 2100, Mhz Limit: 2100
Processor Information for processor 10
  Max Mhz: 2100, Current Mhz: 2100, Mhz Limit: 2100
Processor Information for processor 11
  Max Mhz: 2100, Current Mhz: 1988, Mhz Limit: 2100

Memory: 4k page, system-wide physical 7514M (335M free)
TotalPageFile size 22874M (AvailPageFile size 6M)
current process WorkingSet (physical memory assigned to process): 187M, peak: 187M
current process commit charge ("private bytes"): 225M, peak: 228M

vm_info: OpenJDK 64-Bit Server VM (21.0.6+-13368085-b895.109) for windows-amd64 JRE (21.0.6+-13368085-b895.109), built on 2025-04-16T17:01:31Z by "builder" with MS VC++ 16.10 / 16.11 (VS2019)

END.
