#
# There is insufficient memory for the Java Runtime Environment to continue.
# Native memory allocation (mmap) failed to map 52428800 bytes. Error detail: G1 virtual space
# Possible reasons:
#   The system is out of physical RAM or swap space
#   This process is running with CompressedOops enabled, and the Java Heap may be blocking the growth of the native heap
# Possible solutions:
#   Reduce memory load on the system
#   Increase physical memory or swap space
#   Check if swap backing store is full
#   Decrease Java heap size (-Xmx/-Xms)
#   Decrease number of Java threads
#   Decrease Java thread stack sizes (-Xss)
#   Set larger code cache with -XX:ReservedCodeCacheSize=
#   JVM is running with Unscaled Compressed Oops mode in which the Java heap is
#     placed in the first 4GB address space. The Java Heap base address is the
#     maximum limit for the native heap growth. Please use -XX:HeapBaseMinAddress
#     to set the Java Heap base and to place the Java Heap above 4GB virtual address.
# This output file may be truncated or incomplete.
#
#  Out of Memory Error (os_windows.cpp:3898), pid=2044, tid=21444
#
# JRE version: OpenJDK Runtime Environment (21.0.6) (build 21.0.6+-13368085-b895.109)
# Java VM: OpenJDK 64-Bit Server VM (21.0.6+-13368085-b895.109, mixed mode, tiered, compressed oops, compressed class ptrs, g1 gc, windows-amd64)
# No core dump will be written. Minidumps are not enabled by default on client versions of Windows
#

---------------  S U M M A R Y ------------

Command Line: org.jetbrains.kotlin.cli.jvm.K2JVMCompiler @D:\TecnoGuard\TecnoGuardApp\app\build\20250804_5841799955034178441.compiler.options

Host: AMD Ryzen 5 5500U with Radeon Graphics         , 12 cores, 7G,  Windows 11 , 64 bit Build 22621 (10.0.22621.5415)
Time: Mon Aug  4 19:25:53 2025 Hora estándar central (México) elapsed time: 7.738140 seconds (0d 0h 0m 7s)

---------------  T H R E A D  ---------------

Current thread (0x0000028fe151ea80):  VMThread "VM Thread"          [id=21444, stack(0x000000a372800000,0x000000a372900000) (1024K)]

Stack: [0x000000a372800000,0x000000a372900000]
Native frames: (J=compiled Java code, j=interpreted, Vv=VM code, C=native code)
V  [jvm.dll+0x6d0639]
V  [jvm.dll+0x85eb03]
V  [jvm.dll+0x86105e]
V  [jvm.dll+0x861743]
V  [jvm.dll+0x27e6e6]
V  [jvm.dll+0x6ccfd5]
V  [jvm.dll+0x6c0a8a]
V  [jvm.dll+0x35537b]
V  [jvm.dll+0x35cfd6]
V  [jvm.dll+0x3aef86]
V  [jvm.dll+0x3af258]
V  [jvm.dll+0x327a2c]
V  [jvm.dll+0x327ab7]
V  [jvm.dll+0x36d93c]
V  [jvm.dll+0x36c0ee]
V  [jvm.dll+0x327181]
V  [jvm.dll+0x36b7f0]
V  [jvm.dll+0x8674c8]
V  [jvm.dll+0x868844]
V  [jvm.dll+0x868d80]
V  [jvm.dll+0x869013]
V  [jvm.dll+0x806ed8]
V  [jvm.dll+0x6cef0d]
C  [ucrtbase.dll+0x29333]
C  [KERNEL32.DLL+0x1259d]
C  [ntdll.dll+0x5af78]

VM_Operation (0x000000a3721fba60): G1CollectForAllocation, mode: safepoint, requested by thread 0x0000028fc7a00610


---------------  P R O C E S S  ---------------

Threads class SMR info:
_java_thread_list=0x0000028fe87bf2e0, length=12, elements={
0x0000028fc7a00610, 0x0000028fe16ad400, 0x0000028fe16ae720, 0x0000028fe16c2f70,
0x0000028fe16ccb60, 0x0000028fe16cd9c0, 0x0000028fe16ce830, 0x0000028fe16cf5b0,
0x0000028fe16d1870, 0x0000028fe186fbf0, 0x0000028fe187bd50, 0x0000028fe90a8760
}

Java Threads: ( => current thread )
  0x0000028fc7a00610 JavaThread "main"                              [_thread_blocked, id=2132, stack(0x000000a372100000,0x000000a372200000) (1024K)]
  0x0000028fe16ad400 JavaThread "Reference Handler"          daemon [_thread_blocked, id=46976, stack(0x000000a372900000,0x000000a372a00000) (1024K)]
  0x0000028fe16ae720 JavaThread "Finalizer"                  daemon [_thread_blocked, id=39296, stack(0x000000a372a00000,0x000000a372b00000) (1024K)]
  0x0000028fe16c2f70 JavaThread "Signal Dispatcher"          daemon [_thread_blocked, id=17808, stack(0x000000a372b00000,0x000000a372c00000) (1024K)]
  0x0000028fe16ccb60 JavaThread "Attach Listener"            daemon [_thread_blocked, id=4696, stack(0x000000a372c00000,0x000000a372d00000) (1024K)]
  0x0000028fe16cd9c0 JavaThread "Service Thread"             daemon [_thread_blocked, id=33332, stack(0x000000a372d00000,0x000000a372e00000) (1024K)]
  0x0000028fe16ce830 JavaThread "Monitor Deflation Thread"   daemon [_thread_blocked, id=45712, stack(0x000000a372e00000,0x000000a372f00000) (1024K)]
  0x0000028fe16cf5b0 JavaThread "C2 CompilerThread0"         daemon [_thread_blocked, id=6968, stack(0x000000a372f00000,0x000000a373000000) (1024K)]
  0x0000028fe16d1870 JavaThread "C1 CompilerThread0"         daemon [_thread_blocked, id=46660, stack(0x000000a373000000,0x000000a373100000) (1024K)]
  0x0000028fe186fbf0 JavaThread "Notification Thread"        daemon [_thread_blocked, id=33128, stack(0x000000a373100000,0x000000a373200000) (1024K)]
  0x0000028fe187bd50 JavaThread "Common-Cleaner"             daemon [_thread_blocked, id=11308, stack(0x000000a373200000,0x000000a373300000) (1024K)]
  0x0000028fe90a8760 JavaThread "C2 CompilerThread1"         daemon [_thread_blocked, id=37892, stack(0x000000a373300000,0x000000a373400000) (1024K)]
Total: 12

Other Threads:
=>0x0000028fe151ea80 VMThread "VM Thread"                           [id=21444, stack(0x000000a372800000,0x000000a372900000) (1024K)]
  0x0000028fe1493a60 WatcherThread "VM Periodic Task Thread"        [id=34520, stack(0x000000a372700000,0x000000a372800000) (1024K)]
  0x0000028fc9d5b6a0 WorkerThread "GC Thread#0"                     [id=32260, stack(0x000000a372200000,0x000000a372300000) (1024K)]
  0x0000028fe6607ef0 WorkerThread "GC Thread#1"                     [id=7604, stack(0x000000a373400000,0x000000a373500000) (1024K)]
  0x0000028fe6655560 WorkerThread "GC Thread#2"                     [id=22876, stack(0x000000a373500000,0x000000a373600000) (1024K)]
  0x0000028fe666e250 WorkerThread "GC Thread#3"                     [id=27476, stack(0x000000a373600000,0x000000a373700000) (1024K)]
  0x0000028fe666feb0 WorkerThread "GC Thread#4"                     [id=35652, stack(0x000000a373700000,0x000000a373800000) (1024K)]
  0x0000028fe6670250 WorkerThread "GC Thread#5"                     [id=38688, stack(0x000000a373800000,0x000000a373900000) (1024K)]
  0x0000028fe67023a0 WorkerThread "GC Thread#6"                     [id=31580, stack(0x000000a373900000,0x000000a373a00000) (1024K)]
  0x0000028fe6702740 WorkerThread "GC Thread#7"                     [id=34704, stack(0x000000a373a00000,0x000000a373b00000) (1024K)]
  0x0000028fe6c46320 WorkerThread "GC Thread#8"                     [id=45896, stack(0x000000a373d00000,0x000000a373e00000) (1024K)]
  0x0000028fe6c471a0 WorkerThread "GC Thread#9"                     [id=32004, stack(0x000000a373e00000,0x000000a373f00000) (1024K)]
  0x0000028fc9d6b180 ConcurrentGCThread "G1 Main Marker"            [id=27740, stack(0x000000a372300000,0x000000a372400000) (1024K)]
  0x0000028fc9d6c600 WorkerThread "G1 Conc#0"                       [id=29496, stack(0x000000a372400000,0x000000a372500000) (1024K)]
  0x0000028fe6702ae0 WorkerThread "G1 Conc#1"                       [id=47676, stack(0x000000a373b00000,0x000000a373c00000) (1024K)]
  0x0000028fe6702e80 WorkerThread "G1 Conc#2"                       [id=33040, stack(0x000000a373c00000,0x000000a373d00000) (1024K)]
  0x0000028fe13669a0 ConcurrentGCThread "G1 Refine#0"               [id=20508, stack(0x000000a372500000,0x000000a372600000) (1024K)]
  0x0000028fe13671c0 ConcurrentGCThread "G1 Service"                [id=25372, stack(0x000000a372600000,0x000000a372700000) (1024K)]
Total: 18

Threads with active compile tasks:
C2 CompilerThread0  7752 9025       4       org.jetbrains.kotlin.fir.java.JavaTypeConversionKt::resolveIfJavaType (71 bytes)
C2 CompilerThread1  7752 9019       4       org.jetbrains.kotlin.fir.java.JavaTypeConversionKt::toConeKotlinTypeForFlexibleBound (850 bytes)
Total: 2

VM state: at safepoint (normal execution)

VM Mutex/Monitor currently owned by a thread:  ([mutex/lock_event])
[0x00007ffc3441e3a0] Threads_lock - owner thread: 0x0000028fe151ea80
[0x00007ffc3441e4a0] Heap_lock - owner thread: 0x0000028fc7a00610

Heap address: 0x000000008a800000, size: 1880 MB, Compressed Oops mode: 32-bit

CDS archive(s) not mapped
Compressed class space mapped at: 0x0000000100000000-0x0000000140000000, reserved size: 1073741824
Narrow klass base: 0x0000000000000000, Narrow klass shift: 3, Narrow klass range: 0x140000000

GC Precious Log:
 CardTable entry size: 512
 Card Set container configuration: InlinePtr #cards 5 size 8 Array Of Cards #cards 12 size 40 Howl #buckets 4 coarsen threshold 1843 Howl Bitmap #cards 512 size 80 coarsen threshold 460 Card regions per heap region 1 cards per card region 2048
 CPUs: 12 total, 12 available
 Memory: 7514M
 Large Page Support: Disabled
 NUMA Support: Disabled
 Compressed Oops: Enabled (32-bit)
 Heap Region Size: 1M
 Heap Min Capacity: 8M
 Heap Initial Capacity: 118M
 Heap Max Capacity: 1880M
 Pre-touch: Disabled
 Parallel Workers: 10
 Concurrent Workers: 3
 Concurrent Refinement Workers: 10
 Periodic GC: Disabled

Heap:
 garbage-first heap   total 137216K, used 89933K [0x000000008a800000, 0x0000000100000000)
  region size 1024K, 6 young (6144K), 6 survivors (6144K)
 Metaspace       used 65136K, committed 65408K, reserved 1114112K
  class space    used 7171K, committed 7296K, reserved 1048576K

Heap Regions: E=young(eden), S=young(survivor), O=old, HS=humongous(starts), HC=humongous(continues), CS=collection set, F=free, TAMS=top-at-mark-start, PB=parsable bottom
|   0|0x000000008a800000, 0x000000008a900000, 0x000000008a900000|100%|HS|  |TAMS 0x000000008a800000| PB 0x000000008a800000| Complete 
|   1|0x000000008a900000, 0x000000008aa00000, 0x000000008aa00000|100%|HC|  |TAMS 0x000000008a900000| PB 0x000000008a900000| Complete 
|   2|0x000000008aa00000, 0x000000008ab00000, 0x000000008ab00000|100%|HC|  |TAMS 0x000000008aa00000| PB 0x000000008aa00000| Complete 
|   3|0x000000008ab00000, 0x000000008ac00000, 0x000000008ac00000|100%| O|  |TAMS 0x000000008ab00000| PB 0x000000008ab00000| Untracked 
|   4|0x000000008ac00000, 0x000000008ad00000, 0x000000008ad00000|100%| O|  |TAMS 0x000000008ac00000| PB 0x000000008ac00000| Untracked 
|   5|0x000000008ad00000, 0x000000008ae00000, 0x000000008ae00000|100%|HS|  |TAMS 0x000000008ad00000| PB 0x000000008ad00000| Complete 
|   6|0x000000008ae00000, 0x000000008af00000, 0x000000008af00000|100%| O|  |TAMS 0x000000008ae00000| PB 0x000000008ae00000| Untracked 
|   7|0x000000008af00000, 0x000000008aff5e00, 0x000000008b000000| 96%| O|  |TAMS 0x000000008af00000| PB 0x000000008af00000| Untracked 
|   8|0x000000008b000000, 0x000000008b100000, 0x000000008b100000|100%| O|  |TAMS 0x000000008b000000| PB 0x000000008b000000| Untracked 
|   9|0x000000008b100000, 0x000000008b200000, 0x000000008b200000|100%| O|  |TAMS 0x000000008b100000| PB 0x000000008b100000| Untracked 
|  10|0x000000008b200000, 0x000000008b300000, 0x000000008b300000|100%| O|  |TAMS 0x000000008b200000| PB 0x000000008b200000| Untracked 
|  11|0x000000008b300000, 0x000000008b400000, 0x000000008b400000|100%| O|  |TAMS 0x000000008b300000| PB 0x000000008b300000| Untracked 
|  12|0x000000008b400000, 0x000000008b500000, 0x000000008b500000|100%| O|  |TAMS 0x000000008b400000| PB 0x000000008b400000| Untracked 
|  13|0x000000008b500000, 0x000000008b600000, 0x000000008b600000|100%| O|  |TAMS 0x000000008b500000| PB 0x000000008b500000| Untracked 
|  14|0x000000008b600000, 0x000000008b700000, 0x000000008b700000|100%| O|  |TAMS 0x000000008b600000| PB 0x000000008b600000| Untracked 
|  15|0x000000008b700000, 0x000000008b800000, 0x000000008b800000|100%| O|  |TAMS 0x000000008b700000| PB 0x000000008b700000| Untracked 
|  16|0x000000008b800000, 0x000000008b900000, 0x000000008b900000|100%| O|  |TAMS 0x000000008b800000| PB 0x000000008b800000| Untracked 
|  17|0x000000008b900000, 0x000000008ba00000, 0x000000008ba00000|100%| O|  |TAMS 0x000000008b900000| PB 0x000000008b900000| Untracked 
|  18|0x000000008ba00000, 0x000000008bb00000, 0x000000008bb00000|100%| O|  |TAMS 0x000000008ba00000| PB 0x000000008ba00000| Untracked 
|  19|0x000000008bb00000, 0x000000008bc00000, 0x000000008bc00000|100%| O|  |TAMS 0x000000008bb00000| PB 0x000000008bb00000| Untracked 
|  20|0x000000008bc00000, 0x000000008bd00000, 0x000000008bd00000|100%| O|  |TAMS 0x000000008bc00000| PB 0x000000008bc00000| Untracked 
|  21|0x000000008bd00000, 0x000000008be00000, 0x000000008be00000|100%| O|  |TAMS 0x000000008bd00000| PB 0x000000008bd00000| Untracked 
|  22|0x000000008be00000, 0x000000008bf00000, 0x000000008bf00000|100%| O|  |TAMS 0x000000008be00000| PB 0x000000008be00000| Untracked 
|  23|0x000000008bf00000, 0x000000008c000000, 0x000000008c000000|100%| O|  |TAMS 0x000000008bf00000| PB 0x000000008bf00000| Untracked 
|  24|0x000000008c000000, 0x000000008c100000, 0x000000008c100000|100%| O|  |TAMS 0x000000008c000000| PB 0x000000008c000000| Untracked 
|  25|0x000000008c100000, 0x000000008c200000, 0x000000008c200000|100%| O|  |TAMS 0x000000008c100000| PB 0x000000008c100000| Untracked 
|  26|0x000000008c200000, 0x000000008c300000, 0x000000008c300000|100%| O|  |TAMS 0x000000008c200000| PB 0x000000008c200000| Untracked 
|  27|0x000000008c300000, 0x000000008c400000, 0x000000008c400000|100%| O|  |TAMS 0x000000008c300000| PB 0x000000008c300000| Untracked 
|  28|0x000000008c400000, 0x000000008c500000, 0x000000008c500000|100%| O|  |TAMS 0x000000008c400000| PB 0x000000008c400000| Untracked 
|  29|0x000000008c500000, 0x000000008c600000, 0x000000008c600000|100%| O|  |TAMS 0x000000008c500000| PB 0x000000008c500000| Untracked 
|  30|0x000000008c600000, 0x000000008c700000, 0x000000008c700000|100%| O|  |TAMS 0x000000008c600000| PB 0x000000008c600000| Untracked 
|  31|0x000000008c700000, 0x000000008c800000, 0x000000008c800000|100%| O|  |TAMS 0x000000008c700000| PB 0x000000008c700000| Untracked 
|  32|0x000000008c800000, 0x000000008c900000, 0x000000008c900000|100%| O|  |TAMS 0x000000008c800000| PB 0x000000008c800000| Untracked 
|  33|0x000000008c900000, 0x000000008ca00000, 0x000000008ca00000|100%| O|  |TAMS 0x000000008c900000| PB 0x000000008c900000| Untracked 
|  34|0x000000008ca00000, 0x000000008cb00000, 0x000000008cb00000|100%| O|  |TAMS 0x000000008ca00000| PB 0x000000008ca00000| Untracked 
|  35|0x000000008cb00000, 0x000000008cc00000, 0x000000008cc00000|100%| O|  |TAMS 0x000000008cb00000| PB 0x000000008cb00000| Untracked 
|  36|0x000000008cc00000, 0x000000008cd00000, 0x000000008cd00000|100%| O|  |TAMS 0x000000008cc00000| PB 0x000000008cc00000| Untracked 
|  37|0x000000008cd00000, 0x000000008ce00000, 0x000000008ce00000|100%| O|  |TAMS 0x000000008cd00000| PB 0x000000008cd00000| Untracked 
|  38|0x000000008ce00000, 0x000000008cf00000, 0x000000008cf00000|100%| O|  |TAMS 0x000000008ce00000| PB 0x000000008ce00000| Untracked 
|  39|0x000000008cf00000, 0x000000008d000000, 0x000000008d000000|100%| O|  |TAMS 0x000000008cf00000| PB 0x000000008cf00000| Untracked 
|  40|0x000000008d000000, 0x000000008d100000, 0x000000008d100000|100%| O|  |TAMS 0x000000008d000000| PB 0x000000008d000000| Untracked 
|  41|0x000000008d100000, 0x000000008d200000, 0x000000008d200000|100%| O|  |TAMS 0x000000008d100000| PB 0x000000008d100000| Untracked 
|  42|0x000000008d200000, 0x000000008d300000, 0x000000008d300000|100%| O|  |TAMS 0x000000008d200000| PB 0x000000008d200000| Untracked 
|  43|0x000000008d300000, 0x000000008d400000, 0x000000008d400000|100%| O|  |TAMS 0x000000008d300000| PB 0x000000008d300000| Untracked 
|  44|0x000000008d400000, 0x000000008d500000, 0x000000008d500000|100%| O|  |TAMS 0x000000008d400000| PB 0x000000008d400000| Untracked 
|  45|0x000000008d500000, 0x000000008d600000, 0x000000008d600000|100%| O|  |TAMS 0x000000008d500000| PB 0x000000008d500000| Untracked 
|  46|0x000000008d600000, 0x000000008d700000, 0x000000008d700000|100%| O|  |TAMS 0x000000008d600000| PB 0x000000008d600000| Untracked 
|  47|0x000000008d700000, 0x000000008d800000, 0x000000008d800000|100%| O|  |TAMS 0x000000008d700000| PB 0x000000008d700000| Untracked 
|  48|0x000000008d800000, 0x000000008d900000, 0x000000008d900000|100%| O|  |TAMS 0x000000008d800000| PB 0x000000008d800000| Untracked 
|  49|0x000000008d900000, 0x000000008da00000, 0x000000008da00000|100%| O|  |TAMS 0x000000008d900000| PB 0x000000008d900000| Untracked 
|  50|0x000000008da00000, 0x000000008da00000, 0x000000008db00000|  0%| F|  |TAMS 0x000000008da00000| PB 0x000000008da00000| Untracked 
|  51|0x000000008db00000, 0x000000008dc00000, 0x000000008dc00000|100%| O|  |TAMS 0x000000008db00000| PB 0x000000008db00000| Untracked 
|  52|0x000000008dc00000, 0x000000008dd00000, 0x000000008dd00000|100%| O|  |TAMS 0x000000008dc00000| PB 0x000000008dc00000| Untracked 
|  53|0x000000008dd00000, 0x000000008de00000, 0x000000008de00000|100%| O|  |TAMS 0x000000008dd00000| PB 0x000000008dd00000| Untracked 
|  54|0x000000008de00000, 0x000000008df00000, 0x000000008df00000|100%| O|  |TAMS 0x000000008de00000| PB 0x000000008de00000| Untracked 
|  55|0x000000008df00000, 0x000000008e000000, 0x000000008e000000|100%| O|  |TAMS 0x000000008df00000| PB 0x000000008df00000| Untracked 
|  56|0x000000008e000000, 0x000000008e100000, 0x000000008e100000|100%| O|  |TAMS 0x000000008e000000| PB 0x000000008e000000| Untracked 
|  57|0x000000008e100000, 0x000000008e200000, 0x000000008e200000|100%| O|  |TAMS 0x000000008e100000| PB 0x000000008e100000| Untracked 
|  58|0x000000008e200000, 0x000000008e300000, 0x000000008e300000|100%| O|  |TAMS 0x000000008e200000| PB 0x000000008e200000| Untracked 
|  59|0x000000008e300000, 0x000000008e400000, 0x000000008e400000|100%| O|  |TAMS 0x000000008e300000| PB 0x000000008e300000| Untracked 
|  60|0x000000008e400000, 0x000000008e500000, 0x000000008e500000|100%| O|  |TAMS 0x000000008e400000| PB 0x000000008e400000| Untracked 
|  61|0x000000008e500000, 0x000000008e600000, 0x000000008e600000|100%| O|  |TAMS 0x000000008e500000| PB 0x000000008e500000| Untracked 
|  62|0x000000008e600000, 0x000000008e600000, 0x000000008e700000|  0%| F|  |TAMS 0x000000008e600000| PB 0x000000008e600000| Untracked 
|  63|0x000000008e700000, 0x000000008e800000, 0x000000008e800000|100%| O|  |TAMS 0x000000008e700000| PB 0x000000008e700000| Untracked 
|  64|0x000000008e800000, 0x000000008e900000, 0x000000008e900000|100%| O|  |TAMS 0x000000008e800000| PB 0x000000008e800000| Untracked 
|  65|0x000000008e900000, 0x000000008ea00000, 0x000000008ea00000|100%| O|  |TAMS 0x000000008e900000| PB 0x000000008e900000| Untracked 
|  66|0x000000008ea00000, 0x000000008eb00000, 0x000000008eb00000|100%| O|  |TAMS 0x000000008ea00000| PB 0x000000008ea00000| Untracked 
|  67|0x000000008eb00000, 0x000000008ec00000, 0x000000008ec00000|100%| O|  |TAMS 0x000000008eb00000| PB 0x000000008eb00000| Untracked 
|  68|0x000000008ec00000, 0x000000008ed00000, 0x000000008ed00000|100%| O|  |TAMS 0x000000008ec00000| PB 0x000000008ec00000| Untracked 
|  69|0x000000008ed00000, 0x000000008ee00000, 0x000000008ee00000|100%| O|  |TAMS 0x000000008ed00000| PB 0x000000008ed00000| Untracked 
|  70|0x000000008ee00000, 0x000000008ef00000, 0x000000008ef00000|100%| O|  |TAMS 0x000000008ee00000| PB 0x000000008ee00000| Untracked 
|  71|0x000000008ef00000, 0x000000008f000000, 0x000000008f000000|100%| O|  |TAMS 0x000000008ef00000| PB 0x000000008ef00000| Untracked 
|  72|0x000000008f000000, 0x000000008f100000, 0x000000008f100000|100%| O|  |TAMS 0x000000008f000000| PB 0x000000008f000000| Untracked 
|  73|0x000000008f100000, 0x000000008f200000, 0x000000008f200000|100%| O|  |TAMS 0x000000008f100000| PB 0x000000008f100000| Untracked 
|  74|0x000000008f200000, 0x000000008f300000, 0x000000008f300000|100%| O|  |TAMS 0x000000008f200000| PB 0x000000008f200000| Untracked 
|  75|0x000000008f300000, 0x000000008f400000, 0x000000008f400000|100%| O|  |TAMS 0x000000008f300000| PB 0x000000008f300000| Untracked 
|  76|0x000000008f400000, 0x000000008f500000, 0x000000008f500000|100%| O|  |TAMS 0x000000008f400000| PB 0x000000008f400000| Untracked 
|  77|0x000000008f500000, 0x000000008f600000, 0x000000008f600000|100%| O|  |TAMS 0x000000008f500000| PB 0x000000008f500000| Untracked 
|  78|0x000000008f600000, 0x000000008f700000, 0x000000008f700000|100%| O|  |TAMS 0x000000008f600000| PB 0x000000008f600000| Untracked 
|  79|0x000000008f700000, 0x000000008f800000, 0x000000008f800000|100%| O|  |TAMS 0x000000008f700000| PB 0x000000008f700000| Untracked 
|  80|0x000000008f800000, 0x000000008f900000, 0x000000008f900000|100%| O|  |TAMS 0x000000008f800000| PB 0x000000008f800000| Untracked 
|  81|0x000000008f900000, 0x000000008fa00000, 0x000000008fa00000|100%| O|  |TAMS 0x000000008f900000| PB 0x000000008f900000| Untracked 
|  82|0x000000008fa00000, 0x000000008fb00000, 0x000000008fb00000|100%| O|  |TAMS 0x000000008fa00000| PB 0x000000008fa00000| Untracked 
|  83|0x000000008fb00000, 0x000000008fbdd970, 0x000000008fc00000| 86%| O|  |TAMS 0x000000008fb00000| PB 0x000000008fb00000| Untracked 
|  84|0x000000008fc00000, 0x000000008fc00000, 0x000000008fd00000|  0%| F|  |TAMS 0x000000008fc00000| PB 0x000000008fc00000| Untracked 
|  85|0x000000008fd00000, 0x000000008fd00000, 0x000000008fe00000|  0%| F|  |TAMS 0x000000008fd00000| PB 0x000000008fd00000| Untracked 
|  86|0x000000008fe00000, 0x000000008ff00000, 0x000000008ff00000|100%| S|CS|TAMS 0x000000008fe00000| PB 0x000000008fe00000| Complete 
|  87|0x000000008ff00000, 0x0000000090000000, 0x0000000090000000|100%| S|CS|TAMS 0x000000008ff00000| PB 0x000000008ff00000| Complete 
|  88|0x0000000090000000, 0x0000000090100000, 0x0000000090100000|100%| S|CS|TAMS 0x0000000090000000| PB 0x0000000090000000| Complete 
|  89|0x0000000090100000, 0x0000000090100000, 0x0000000090200000|  0%| F|  |TAMS 0x0000000090100000| PB 0x0000000090100000| Untracked 
|  90|0x0000000090200000, 0x0000000090200000, 0x0000000090300000|  0%| F|  |TAMS 0x0000000090200000| PB 0x0000000090200000| Untracked 
|  91|0x0000000090300000, 0x0000000090300000, 0x0000000090400000|  0%| F|  |TAMS 0x0000000090300000| PB 0x0000000090300000| Untracked 
|  92|0x0000000090400000, 0x0000000090400000, 0x0000000090500000|  0%| F|  |TAMS 0x0000000090400000| PB 0x0000000090400000| Untracked 
|  93|0x0000000090500000, 0x0000000090600000, 0x0000000090600000|100%| S|CS|TAMS 0x0000000090500000| PB 0x0000000090500000| Complete 
|  94|0x0000000090600000, 0x0000000090600000, 0x0000000090700000|  0%| F|  |TAMS 0x0000000090600000| PB 0x0000000090600000| Untracked 
|  95|0x0000000090700000, 0x0000000090700000, 0x0000000090800000|  0%| F|  |TAMS 0x0000000090700000| PB 0x0000000090700000| Untracked 
|  96|0x0000000090800000, 0x0000000090900000, 0x0000000090900000|100%| S|CS|TAMS 0x0000000090800000| PB 0x0000000090800000| Complete 
|  97|0x0000000090900000, 0x0000000090a00000, 0x0000000090a00000|100%| S|CS|TAMS 0x0000000090900000| PB 0x0000000090900000| Complete 
|  98|0x0000000090a00000, 0x0000000090a00000, 0x0000000090b00000|  0%| F|  |TAMS 0x0000000090a00000| PB 0x0000000090a00000| Untracked 
|  99|0x0000000090b00000, 0x0000000090b00000, 0x0000000090c00000|  0%| F|  |TAMS 0x0000000090b00000| PB 0x0000000090b00000| Untracked 
| 100|0x0000000090c00000, 0x0000000090c00000, 0x0000000090d00000|  0%| F|  |TAMS 0x0000000090c00000| PB 0x0000000090c00000| Untracked 
| 101|0x0000000090d00000, 0x0000000090d00000, 0x0000000090e00000|  0%| F|  |TAMS 0x0000000090d00000| PB 0x0000000090d00000| Untracked 
| 102|0x0000000090e00000, 0x0000000090e00000, 0x0000000090f00000|  0%| F|  |TAMS 0x0000000090e00000| PB 0x0000000090e00000| Untracked 
| 103|0x0000000090f00000, 0x0000000090f00000, 0x0000000091000000|  0%| F|  |TAMS 0x0000000090f00000| PB 0x0000000090f00000| Untracked 
| 104|0x0000000091000000, 0x0000000091000000, 0x0000000091100000|  0%| F|  |TAMS 0x0000000091000000| PB 0x0000000091000000| Untracked 
| 105|0x0000000091100000, 0x0000000091100000, 0x0000000091200000|  0%| F|  |TAMS 0x0000000091100000| PB 0x0000000091100000| Untracked 
| 106|0x0000000091200000, 0x0000000091200000, 0x0000000091300000|  0%| F|  |TAMS 0x0000000091200000| PB 0x0000000091200000| Untracked 
| 107|0x0000000091300000, 0x0000000091300000, 0x0000000091400000|  0%| F|  |TAMS 0x0000000091300000| PB 0x0000000091300000| Untracked 
| 108|0x0000000091400000, 0x0000000091400000, 0x0000000091500000|  0%| F|  |TAMS 0x0000000091400000| PB 0x0000000091400000| Untracked 
| 109|0x0000000091500000, 0x0000000091500000, 0x0000000091600000|  0%| F|  |TAMS 0x0000000091500000| PB 0x0000000091500000| Untracked 
| 110|0x0000000091600000, 0x0000000091600000, 0x0000000091700000|  0%| F|  |TAMS 0x0000000091600000| PB 0x0000000091600000| Untracked 
| 111|0x0000000091700000, 0x0000000091700000, 0x0000000091800000|  0%| F|  |TAMS 0x0000000091700000| PB 0x0000000091700000| Untracked 
| 112|0x0000000091800000, 0x0000000091800000, 0x0000000091900000|  0%| F|  |TAMS 0x0000000091800000| PB 0x0000000091800000| Untracked 
| 113|0x0000000091900000, 0x0000000091900000, 0x0000000091a00000|  0%| F|  |TAMS 0x0000000091900000| PB 0x0000000091900000| Untracked 
| 114|0x0000000091a00000, 0x0000000091a00000, 0x0000000091b00000|  0%| F|  |TAMS 0x0000000091a00000| PB 0x0000000091a00000| Untracked 
| 115|0x0000000091b00000, 0x0000000091b00000, 0x0000000091c00000|  0%| F|  |TAMS 0x0000000091b00000| PB 0x0000000091b00000| Untracked 
| 116|0x0000000091c00000, 0x0000000091c00000, 0x0000000091d00000|  0%| F|  |TAMS 0x0000000091c00000| PB 0x0000000091c00000| Untracked 
| 117|0x0000000091d00000, 0x0000000091d00000, 0x0000000091e00000|  0%| F|  |TAMS 0x0000000091d00000| PB 0x0000000091d00000| Untracked 
| 118|0x0000000091e00000, 0x0000000091e00000, 0x0000000091f00000|  0%| F|  |TAMS 0x0000000091e00000| PB 0x0000000091e00000| Untracked 
| 119|0x0000000091f00000, 0x0000000091f00000, 0x0000000092000000|  0%| F|  |TAMS 0x0000000091f00000| PB 0x0000000091f00000| Untracked 
| 120|0x0000000092000000, 0x0000000092000000, 0x0000000092100000|  0%| F|  |TAMS 0x0000000092000000| PB 0x0000000092000000| Untracked 
| 121|0x0000000092100000, 0x0000000092100000, 0x0000000092200000|  0%| F|  |TAMS 0x0000000092100000| PB 0x0000000092100000| Untracked 
| 122|0x0000000092200000, 0x0000000092200000, 0x0000000092300000|  0%| F|  |TAMS 0x0000000092200000| PB 0x0000000092200000| Untracked 
| 123|0x0000000092300000, 0x0000000092300000, 0x0000000092400000|  0%| F|  |TAMS 0x0000000092300000| PB 0x0000000092300000| Untracked 
| 124|0x0000000092400000, 0x0000000092400000, 0x0000000092500000|  0%| F|  |TAMS 0x0000000092400000| PB 0x0000000092400000| Untracked 
| 125|0x0000000092500000, 0x0000000092500000, 0x0000000092600000|  0%| F|  |TAMS 0x0000000092500000| PB 0x0000000092500000| Untracked 
| 126|0x0000000092600000, 0x0000000092600000, 0x0000000092700000|  0%| F|  |TAMS 0x0000000092600000| PB 0x0000000092600000| Untracked 
| 127|0x0000000092700000, 0x0000000092700000, 0x0000000092800000|  0%| F|  |TAMS 0x0000000092700000| PB 0x0000000092700000| Untracked 
| 128|0x0000000092800000, 0x0000000092800000, 0x0000000092900000|  0%| F|  |TAMS 0x0000000092800000| PB 0x0000000092800000| Untracked 
| 129|0x0000000092900000, 0x0000000092900000, 0x0000000092a00000|  0%| F|  |TAMS 0x0000000092900000| PB 0x0000000092900000| Untracked 
| 130|0x0000000092a00000, 0x0000000092a00000, 0x0000000092b00000|  0%| F|  |TAMS 0x0000000092a00000| PB 0x0000000092a00000| Untracked 
| 131|0x0000000092b00000, 0x0000000092b00000, 0x0000000092c00000|  0%| F|  |TAMS 0x0000000092b00000| PB 0x0000000092b00000| Untracked 
| 132|0x0000000092c00000, 0x0000000092c00000, 0x0000000092d00000|  0%| F|  |TAMS 0x0000000092c00000| PB 0x0000000092c00000| Untracked 
|1879|0x00000000fff00000, 0x00000000fff00000, 0x0000000100000000|  0%| F|  |TAMS 0x00000000fff00000| PB 0x00000000fff00000| Untracked 

Card table byte_map: [0x0000028fdc760000,0x0000028fdcb10000] _byte_map_base: 0x0000028fdc30c000

Marking Bits: (CMBitMap*) 0x0000028fc9d5bda0
 Bits: [0x0000028fdcb10000, 0x0000028fde870000)

Polling page: 0x0000028fc7b90000

Metaspace:

Usage:
  Non-class:     56.61 MB used.
      Class:      7.00 MB used.
       Both:     63.61 MB used.

Virtual space:
  Non-class space:       64.00 MB reserved,      56.75 MB ( 89%) committed,  1 nodes.
      Class space:        1.00 GB reserved,       7.12 MB ( <1%) committed,  1 nodes.
             Both:        1.06 GB reserved,      63.88 MB (  6%) committed. 

Chunk freelists:
   Non-Class:  6.94 MB
       Class:  8.82 MB
        Both:  15.76 MB

MaxMetaspaceSize: unlimited
CompressedClassSpaceSize: 1.00 GB
Initial GC threshold: 21.00 MB
Current GC threshold: 102.44 MB
CDS: off
 - commit_granule_bytes: 65536.
 - commit_granule_words: 8192.
 - virtual_space_node_default_size: 8388608.
 - enlarge_chunks_in_place: 1.
 - use_allocation_guard: 0.


Internal statistics:

num_allocs_failed_limit: 3.
num_arena_births: 350.
num_arena_deaths: 0.
num_vsnodes_births: 2.
num_vsnodes_deaths: 0.
num_space_committed: 1021.
num_space_uncommitted: 0.
num_chunks_returned_to_freelist: 3.
num_chunks_taken_from_freelist: 2357.
num_chunk_merges: 3.
num_chunk_splits: 1926.
num_chunks_enlarged: 1742.
num_inconsistent_stats: 0.

CodeHeap 'non-profiled nmethods': size=120000Kb used=4687Kb max_used=4687Kb free=115312Kb
 bounds [0x0000028fd4930000, 0x0000028fd4dd0000, 0x0000028fdbe60000]
CodeHeap 'profiled nmethods': size=120000Kb used=27878Kb max_used=27878Kb free=92121Kb
 bounds [0x0000028fcce60000, 0x0000028fce9a0000, 0x0000028fd4390000]
CodeHeap 'non-nmethods': size=5760Kb used=1656Kb max_used=1708Kb free=4103Kb
 bounds [0x0000028fd4390000, 0x0000028fd4600000, 0x0000028fd4930000]
 total_blobs=9056 nmethods=8359 adapters=599
 compilation: enabled
              stopped_count=0, restarted_count=0
 full_count=0

Compilation events (20 events):
Event: 7.702 Thread 0x0000028fe16d1870 9022       3       org.jetbrains.kotlin.load.java.typeEnhancement.AbstractSignatureParts::isNotNullTypeParameterCompat (8 bytes)
Event: 7.703 Thread 0x0000028fe16d1870 nmethod 9022 0x0000028fce98f090 code [0x0000028fce98f2a0, 0x0000028fce98f810]
Event: 7.706 Thread 0x0000028fe16cf5b0 nmethod 9015 0x0000028fd4dc2a10 code [0x0000028fd4dc2c80, 0x0000028fd4dc3808]
Event: 7.706 Thread 0x0000028fe16cf5b0 9025       4       org.jetbrains.kotlin.fir.java.JavaTypeConversionKt::resolveIfJavaType (71 bytes)
Event: 7.707 Thread 0x0000028fe16d1870 9026       3       org.jetbrains.kotlin.types.AbstractTypeChecker::equalTypes$default (21 bytes)
Event: 7.708 Thread 0x0000028fe16d1870 nmethod 9026 0x0000028fce98fa90 code [0x0000028fce98fdc0, 0x0000028fce990da8]
Event: 7.708 Thread 0x0000028fe16d1870 9027       3       org.jetbrains.kotlin.types.AbstractTypeChecker::equalTypes (34 bytes)
Event: 7.709 Thread 0x0000028fe16d1870 nmethod 9027 0x0000028fce991410 code [0x0000028fce991740, 0x0000028fce9926a0]
Event: 7.709 Thread 0x0000028fe16d1870 9029       3       org.jetbrains.kotlin.fir.java.JavaTypeConversionKt::resolveIfJavaType$default (23 bytes)
Event: 7.709 Thread 0x0000028fe16d1870 nmethod 9029 0x0000028fce992c90 code [0x0000028fce992e40, 0x0000028fce992f90]
Event: 7.709 Thread 0x0000028fe16d1870 9030       3       java.util.Collections$SingletonSet::contains (9 bytes)
Event: 7.710 Thread 0x0000028fe16d1870 nmethod 9030 0x0000028fce993090 code [0x0000028fce993240, 0x0000028fce993510]
Event: 7.711 Thread 0x0000028fe16d1870 9031       3       org.jetbrains.kotlin.fir.scopes.FirTypeScopeKt::getDirectOverriddenFunctions (69 bytes)
Event: 7.712 Thread 0x0000028fe16d1870 nmethod 9031 0x0000028fce993610 code [0x0000028fce993940, 0x0000028fce9948a0]
Event: 7.712 Thread 0x0000028fe16d1870 9032       3       org.jetbrains.kotlin.fir.scopes.FirTypeScopeKt$getDirectOverriddenFunctions$$inlined$processDirectlyOverriddenFunctions$1::<init> (15 bytes)
Event: 7.712 Thread 0x0000028fe16d1870 nmethod 9032 0x0000028fce994e90 code [0x0000028fce995040, 0x0000028fce995210]
Event: 7.712 Thread 0x0000028fe16d1870 9033       3       org.jetbrains.kotlin.fir.scopes.FirTypeScopeKt::getDirectOverriddenMembers (57 bytes)
Event: 7.713 Thread 0x0000028fe16d1870 nmethod 9033 0x0000028fce995310 code [0x0000028fce995600, 0x0000028fce996500]
Event: 7.714 Thread 0x0000028fe16d1870 9036       3       org.jetbrains.kotlin.fir.java.scopes.JavaOverrideChecker::buildTypeParametersSubstitutorIfCompatible (99 bytes)
Event: 7.715 Thread 0x0000028fe16d1870 nmethod 9036 0x0000028fce996990 code [0x0000028fce996ee0, 0x0000028fce998f70]

GC Heap History (20 events):
Event: 3.185 GC heap after
{Heap after GC invocations=13 (full 0):
 garbage-first heap   total 51200K, used 32397K [0x000000008a800000, 0x0000000100000000)
  region size 1024K, 3 young (3072K), 3 survivors (3072K)
 Metaspace       used 49857K, committed 50240K, reserved 1114112K
  class space    used 5712K, committed 5888K, reserved 1048576K
}
Event: 3.442 GC heap before
{Heap before GC invocations=14 (full 0):
 garbage-first heap   total 55296K, used 42637K [0x000000008a800000, 0x0000000100000000)
  region size 1024K, 14 young (14336K), 3 survivors (3072K)
 Metaspace       used 53205K, committed 53504K, reserved 1114112K
  class space    used 6156K, committed 6272K, reserved 1048576K
}
Event: 3.450 GC heap after
{Heap after GC invocations=15 (full 0):
 garbage-first heap   total 66560K, used 34053K [0x000000008a800000, 0x0000000100000000)
  region size 1024K, 2 young (2048K), 2 survivors (2048K)
 Metaspace       used 53205K, committed 53504K, reserved 1114112K
  class space    used 6156K, committed 6272K, reserved 1048576K
}
Event: 3.657 GC heap before
{Heap before GC invocations=15 (full 0):
 garbage-first heap   total 66560K, used 53509K [0x000000008a800000, 0x0000000100000000)
  region size 1024K, 22 young (22528K), 2 survivors (2048K)
 Metaspace       used 53789K, committed 54080K, reserved 1114112K
  class space    used 6196K, committed 6336K, reserved 1048576K
}
Event: 3.667 GC heap after
{Heap after GC invocations=16 (full 0):
 garbage-first heap   total 66560K, used 37476K [0x000000008a800000, 0x0000000100000000)
  region size 1024K, 3 young (3072K), 3 survivors (3072K)
 Metaspace       used 53789K, committed 54080K, reserved 1114112K
  class space    used 6196K, committed 6336K, reserved 1048576K
}
Event: 3.879 GC heap before
{Heap before GC invocations=16 (full 0):
 garbage-first heap   total 66560K, used 50788K [0x000000008a800000, 0x0000000100000000)
  region size 1024K, 17 young (17408K), 3 survivors (3072K)
 Metaspace       used 56487K, committed 56768K, reserved 1114112K
  class space    used 6490K, committed 6592K, reserved 1048576K
}
Event: 3.887 GC heap after
{Heap after GC invocations=17 (full 0):
 garbage-first heap   total 66560K, used 39869K [0x000000008a800000, 0x0000000100000000)
  region size 1024K, 2 young (2048K), 2 survivors (2048K)
 Metaspace       used 56487K, committed 56768K, reserved 1114112K
  class space    used 6490K, committed 6592K, reserved 1048576K
}
Event: 3.939 GC heap before
{Heap before GC invocations=18 (full 0):
 garbage-first heap   total 68608K, used 58301K [0x000000008a800000, 0x0000000100000000)
  region size 1024K, 19 young (19456K), 2 survivors (2048K)
 Metaspace       used 56505K, committed 56832K, reserved 1114112K
  class space    used 6490K, committed 6592K, reserved 1048576K
}
Event: 3.949 GC heap after
{Heap after GC invocations=19 (full 0):
 garbage-first heap   total 68608K, used 46848K [0x000000008a800000, 0x0000000100000000)
  region size 1024K, 3 young (3072K), 3 survivors (3072K)
 Metaspace       used 56505K, committed 56832K, reserved 1114112K
  class space    used 6490K, committed 6592K, reserved 1048576K
}
Event: 4.021 GC heap before
{Heap before GC invocations=19 (full 0):
 garbage-first heap   total 68608K, used 59136K [0x000000008a800000, 0x0000000100000000)
  region size 1024K, 15 young (15360K), 3 survivors (3072K)
 Metaspace       used 56667K, committed 57024K, reserved 1114112K
  class space    used 6516K, committed 6656K, reserved 1048576K
}
Event: 4.030 GC heap after
{Heap after GC invocations=20 (full 0):
 garbage-first heap   total 137216K, used 50564K [0x000000008a800000, 0x0000000100000000)
  region size 1024K, 2 young (2048K), 2 survivors (2048K)
 Metaspace       used 56667K, committed 57024K, reserved 1114112K
  class space    used 6516K, committed 6656K, reserved 1048576K
}
Event: 4.971 GC heap before
{Heap before GC invocations=20 (full 0):
 garbage-first heap   total 137216K, used 105860K [0x000000008a800000, 0x0000000100000000)
  region size 1024K, 56 young (57344K), 2 survivors (2048K)
 Metaspace       used 59231K, committed 59520K, reserved 1114112K
  class space    used 6783K, committed 6912K, reserved 1048576K
}
Event: 4.985 GC heap after
{Heap after GC invocations=21 (full 0):
 garbage-first heap   total 137216K, used 62833K [0x000000008a800000, 0x0000000100000000)
  region size 1024K, 7 young (7168K), 7 survivors (7168K)
 Metaspace       used 59231K, committed 59520K, reserved 1114112K
  class space    used 6783K, committed 6912K, reserved 1048576K
}
Event: 5.590 GC heap before
{Heap before GC invocations=21 (full 0):
 garbage-first heap   total 137216K, used 104817K [0x000000008a800000, 0x0000000100000000)
  region size 1024K, 48 young (49152K), 7 survivors (7168K)
 Metaspace       used 60208K, committed 60544K, reserved 1114112K
  class space    used 6824K, committed 6976K, reserved 1048576K
}
Event: 5.602 GC heap after
{Heap after GC invocations=22 (full 0):
 garbage-first heap   total 137216K, used 70615K [0x000000008a800000, 0x0000000100000000)
  region size 1024K, 6 young (6144K), 6 survivors (6144K)
 Metaspace       used 60208K, committed 60544K, reserved 1114112K
  class space    used 6824K, committed 6976K, reserved 1048576K
}
Event: 6.437 GC heap before
{Heap before GC invocations=22 (full 0):
 garbage-first heap   total 137216K, used 111575K [0x000000008a800000, 0x0000000100000000)
  region size 1024K, 46 young (47104K), 6 survivors (6144K)
 Metaspace       used 62119K, committed 62464K, reserved 1114112K
  class space    used 6943K, committed 7104K, reserved 1048576K
}
Event: 6.450 GC heap after
{Heap after GC invocations=23 (full 0):
 garbage-first heap   total 137216K, used 77051K [0x000000008a800000, 0x0000000100000000)
  region size 1024K, 6 young (6144K), 6 survivors (6144K)
 Metaspace       used 62119K, committed 62464K, reserved 1114112K
  class space    used 6943K, committed 7104K, reserved 1048576K
}
Event: 7.290 GC heap before
{Heap before GC invocations=24 (full 0):
 garbage-first heap   total 137216K, used 114939K [0x000000008a800000, 0x0000000100000000)
  region size 1024K, 44 young (45056K), 6 survivors (6144K)
 Metaspace       used 64477K, committed 64768K, reserved 1114112K
  class space    used 7149K, committed 7296K, reserved 1048576K
}
Event: 7.302 GC heap after
{Heap after GC invocations=25 (full 0):
 garbage-first heap   total 137216K, used 82391K [0x000000008a800000, 0x0000000100000000)
  region size 1024K, 6 young (6144K), 6 survivors (6144K)
 Metaspace       used 64477K, committed 64768K, reserved 1114112K
  class space    used 7149K, committed 7296K, reserved 1048576K
}
Event: 7.720 GC heap before
{Heap before GC invocations=25 (full 0):
 garbage-first heap   total 137216K, used 119255K [0x000000008a800000, 0x0000000100000000)
  region size 1024K, 42 young (43008K), 6 survivors (6144K)
 Metaspace       used 65136K, committed 65408K, reserved 1114112K
  class space    used 7171K, committed 7296K, reserved 1048576K
}

Dll operation events (3 events):
Event: 0.007 Loaded shared library C:\Program Files\Android\Android Studio\jbr\bin\java.dll
Event: 0.013 Loaded shared library C:\Program Files\Android\Android Studio\jbr\bin\zip.dll
Event: 1.055 Loaded shared library C:\Program Files\Android\Android Studio\jbr\bin\verify.dll

Deoptimization events (20 events):
Event: 7.361 Thread 0x0000028fc7a00610 Uncommon trap: trap_request=0xffffffde fr.pc=0x0000028fd4cd1508 relative=0x0000000000003da8
Event: 7.361 Thread 0x0000028fc7a00610 Uncommon trap: reason=class_check action=maybe_recompile pc=0x0000028fd4cd1508 method=org.jetbrains.kotlin.fir.resolve.providers.impl.FirCachingCompositeSymbolProvider.getClassLikeSymbolByClassId(Lorg/jetbrains/kotlin/name/ClassId;)Lorg/jetbrains/kotlin/f
Event: 7.361 Thread 0x0000028fc7a00610 DEOPT PACKING pc=0x0000028fd4cd1508 sp=0x000000a3721fae20
Event: 7.361 Thread 0x0000028fc7a00610 DEOPT UNPACKING pc=0x0000028fd43e46a2 sp=0x000000a3721fae20 mode 2
Event: 7.361 Thread 0x0000028fc7a00610 Uncommon trap: trap_request=0xffffffde fr.pc=0x0000028fd4bb0948 relative=0x0000000000000888
Event: 7.361 Thread 0x0000028fc7a00610 Uncommon trap: reason=class_check action=maybe_recompile pc=0x0000028fd4bb0948 method=org.jetbrains.kotlin.fir.resolve.LookupTagUtilsKt.toSymbol(Lorg/jetbrains/kotlin/fir/symbols/ConeClassLikeLookupTag;Lorg/jetbrains/kotlin/fir/FirSession;)Lorg/jetbrains/
Event: 7.361 Thread 0x0000028fc7a00610 DEOPT PACKING pc=0x0000028fd4bb0948 sp=0x000000a3721fae00
Event: 7.361 Thread 0x0000028fc7a00610 DEOPT UNPACKING pc=0x0000028fd43e46a2 sp=0x000000a3721fada0 mode 2
Event: 7.361 Thread 0x0000028fc7a00610 Uncommon trap: trap_request=0xffffffde fr.pc=0x0000028fd4bb0948 relative=0x0000000000000888
Event: 7.361 Thread 0x0000028fc7a00610 Uncommon trap: reason=class_check action=maybe_recompile pc=0x0000028fd4bb0948 method=org.jetbrains.kotlin.fir.resolve.LookupTagUtilsKt.toSymbol(Lorg/jetbrains/kotlin/fir/symbols/ConeClassLikeLookupTag;Lorg/jetbrains/kotlin/fir/FirSession;)Lorg/jetbrains/
Event: 7.361 Thread 0x0000028fc7a00610 DEOPT PACKING pc=0x0000028fd4bb0948 sp=0x000000a3721fabf0
Event: 7.361 Thread 0x0000028fc7a00610 DEOPT UNPACKING pc=0x0000028fd43e46a2 sp=0x000000a3721fab90 mode 2
Event: 7.367 Thread 0x0000028fc7a00610 Uncommon trap: trap_request=0xffffffde fr.pc=0x0000028fd4cd1508 relative=0x0000000000003da8
Event: 7.367 Thread 0x0000028fc7a00610 Uncommon trap: reason=class_check action=maybe_recompile pc=0x0000028fd4cd1508 method=org.jetbrains.kotlin.fir.resolve.providers.impl.FirCachingCompositeSymbolProvider.getClassLikeSymbolByClassId(Lorg/jetbrains/kotlin/name/ClassId;)Lorg/jetbrains/kotlin/f
Event: 7.367 Thread 0x0000028fc7a00610 DEOPT PACKING pc=0x0000028fd4cd1508 sp=0x000000a3721fbc80
Event: 7.367 Thread 0x0000028fc7a00610 DEOPT UNPACKING pc=0x0000028fd43e46a2 sp=0x000000a3721fbc90 mode 2
Event: 7.419 Thread 0x0000028fc7a00610 Uncommon trap: trap_request=0xffffff45 fr.pc=0x0000028fd4cbfe68 relative=0x0000000000004c88
Event: 7.419 Thread 0x0000028fc7a00610 Uncommon trap: reason=unstable_if action=reinterpret pc=0x0000028fd4cbfe68 method=org.jetbrains.kotlin.fir.declarations.DeprecationUtilsKt.extractDeprecationAnnotationInfoPerUseSite(Ljava/util/List;ZLorg/jetbrains/kotlin/fir/FirSession;Ljava/util/List;)Lo
Event: 7.419 Thread 0x0000028fc7a00610 DEOPT PACKING pc=0x0000028fd4cbfe68 sp=0x000000a3721fcdf0
Event: 7.419 Thread 0x0000028fc7a00610 DEOPT UNPACKING pc=0x0000028fd43e46a2 sp=0x000000a3721fcd50 mode 2

Classes loaded (20 events):
Event: 3.360 Loading class java/util/EnumMap$EntryIterator$Entry
Event: 3.360 Loading class java/util/EnumMap$EntryIterator$Entry done
Event: 3.412 Loading class java/util/RegularEnumSet$EnumSetIterator
Event: 3.412 Loading class java/util/RegularEnumSet$EnumSetIterator done
Event: 3.823 Loading class java/util/AbstractList$RandomAccessSubList
Event: 3.823 Loading class java/util/AbstractList$RandomAccessSubList done
Event: 4.782 Loading class java/lang/Byte$ByteCache
Event: 4.782 Loading class java/lang/Byte$ByteCache done
Event: 6.479 Loading class java/security/CodeSigner
Event: 6.480 Loading class java/security/CodeSigner done
Event: 6.513 Loading class java/text/MessageFormat
Event: 6.514 Loading class java/text/Format
Event: 6.514 Loading class java/text/Format done
Event: 6.514 Loading class java/text/MessageFormat done
Event: 6.514 Loading class java/util/Locale$Category
Event: 6.514 Loading class java/util/Locale$Category done
Event: 6.548 Loading class java/text/ChoiceFormat
Event: 6.557 Loading class java/text/NumberFormat
Event: 6.557 Loading class java/text/NumberFormat done
Event: 6.557 Loading class java/text/ChoiceFormat done

Classes unloaded (0 events):
No events

Classes redefined (0 events):
No events

Internal exceptions (20 events):
Event: 4.509 Thread 0x0000028fc7a00610 Exception <a 'java/lang/NoSuchMethodError'{0x0000000091056ff0}: 'java.lang.Object java.lang.invoke.DirectMethodHandle$Holder.invokeSpecial(java.lang.Object, java.lang.Object, int, java.lang.Object, java.lang.Object)'> (0x0000000091056ff0) 
thrown [s\src\hotspot\share\interpreter\linkResolver.cpp, line 784]
Event: 4.543 Thread 0x0000028fc7a00610 Exception <a 'java/lang/NoSuchMethodError'{0x0000000090fe6758}: 'java.lang.Object java.lang.invoke.DirectMethodHandle$Holder.newInvokeSpecial(java.lang.Object, java.lang.Object, java.lang.Object, int)'> (0x0000000090fe6758) 
thrown [s\src\hotspot\share\interpreter\linkResolver.cpp, line 784]
Event: 4.543 Thread 0x0000028fc7a00610 Exception <a 'java/lang/NoSuchMethodError'{0x0000000090fea5b8}: 'java.lang.Object java.lang.invoke.DirectMethodHandle$Holder.invokeSpecial(java.lang.Object, java.lang.Object, java.lang.Object, java.lang.Object, int)'> (0x0000000090fea5b8) 
thrown [s\src\hotspot\share\interpreter\linkResolver.cpp, line 784]
Event: 4.543 Thread 0x0000028fc7a00610 Exception <a 'java/lang/NoSuchMethodError'{0x0000000090fedd00}: 'java.lang.Object java.lang.invoke.Invokers$Holder.linkToTargetMethod(java.lang.Object, java.lang.Object, int, java.lang.Object)'> (0x0000000090fedd00) 
thrown [s\src\hotspot\share\interpreter\linkResolver.cpp, line 784]
Event: 4.549 Thread 0x0000028fc7a00610 Exception <a 'java/lang/NoSuchMethodError'{0x0000000090e24780}: 'java.lang.Object java.lang.invoke.DirectMethodHandle$Holder.invokeStatic(java.lang.Object, int, java.lang.Object, java.lang.Object)'> (0x0000000090e24780) 
thrown [s\src\hotspot\share\interpreter\linkResolver.cpp, line 784]
Event: 4.602 Thread 0x0000028fc7a00610 Exception <a 'java/lang/NoSuchMethodError'{0x0000000090c98020}: 'java.lang.Object java.lang.invoke.DirectMethodHandle$Holder.invokeStatic(java.lang.Object, java.lang.Object, java.lang.Object, int, java.lang.Object, java.lang.Object)'> (0x0000000090c98020) 
thrown [s\src\hotspot\share\interpreter\linkResolver.cpp, line 784]
Event: 4.605 Thread 0x0000028fc7a00610 Exception <a 'java/lang/NoSuchMethodError'{0x0000000090cb50c0}: 'java.lang.Object java.lang.invoke.DirectMethodHandle$Holder.invokeStatic(java.lang.Object, int, java.lang.Object)'> (0x0000000090cb50c0) 
thrown [s\src\hotspot\share\interpreter\linkResolver.cpp, line 784]
Event: 4.614 Thread 0x0000028fc7a00610 Exception <a 'java/lang/NoSuchMethodError'{0x0000000090b178b0}: 'java.lang.Object java.lang.invoke.DirectMethodHandle$Holder.newInvokeSpecial(java.lang.Object, java.lang.Object, java.lang.Object, java.lang.Object, java.lang.Object, int)'> (0x0000000090b178b0) 
thrown [s\src\hotspot\share\interpreter\linkResolver.cpp, line 784]
Event: 4.614 Thread 0x0000028fc7a00610 Exception <a 'java/lang/NoSuchMethodError'{0x0000000090b1c098}: 'java.lang.Object java.lang.invoke.DirectMethodHandle$Holder.invokeSpecial(java.lang.Object, java.lang.Object, java.lang.Object, java.lang.Object, java.lang.Object, java.lang.Object, int)'> (0x0000000090b1c098) 
thrown [s\src\hotspot\share\interpreter\linkResolver.cpp, line 784]
Event: 4.614 Thread 0x0000028fc7a00610 Exception <a 'java/lang/NoSuchMethodError'{0x0000000090b20180}: 'java.lang.Object java.lang.invoke.Invokers$Holder.linkToTargetMethod(java.lang.Object, java.lang.Object, java.lang.Object, java.lang.Object, int, java.lang.Object)'> (0x0000000090b20180) 
thrown [s\src\hotspot\share\interpreter\linkResolver.cpp, line 784]
Event: 6.256 Thread 0x0000028fc7a00610 Exception <a 'java/lang/NoSuchMethodError'{0x00000000911af8a8}: 'java.lang.Object java.lang.invoke.DirectMethodHandle$Holder.newInvokeSpecial(java.lang.Object, int, java.lang.Object, java.lang.Object, java.lang.Object)'> (0x00000000911af8a8) 
thrown [s\src\hotspot\share\interpreter\linkResolver.cpp, line 784]
Event: 6.256 Thread 0x0000028fc7a00610 Exception <a 'java/lang/NoSuchMethodError'{0x00000000911b7528}: 'java.lang.Object java.lang.invoke.Invokers$Holder.linkToTargetMethod(int, java.lang.Object, java.lang.Object, java.lang.Object, java.lang.Object)'> (0x00000000911b7528) 
thrown [s\src\hotspot\share\interpreter\linkResolver.cpp, line 784]
Event: 6.433 Thread 0x0000028fc7a00610 Implicit null exception at 0x0000028fd4c7e3a2 to 0x0000028fd4c7eb3c
Event: 6.654 Thread 0x0000028fc7a00610 Implicit null exception at 0x0000028fd4c7d1a5 to 0x0000028fd4c7d930
Event: 7.008 Thread 0x0000028fc7a00610 Implicit null exception at 0x0000028fd4b308e3 to 0x0000028fd4b30a58
Event: 7.413 Thread 0x0000028fc7a00610 Exception <a 'java/lang/NoSuchMethodError'{0x00000000929e21d0}: 'java.lang.Object java.lang.invoke.DirectMethodHandle$Holder.newInvokeSpecial(java.lang.Object, java.lang.Object, int, java.lang.Object, java.lang.Object, java.lang.Object)'> (0x00000000929e21d0) 
thrown [s\src\hotspot\share\interpreter\linkResolver.cpp, line 784]
Event: 7.413 Thread 0x0000028fc7a00610 Exception <a 'java/lang/NoSuchMethodError'{0x00000000929e6350}: 'java.lang.Object java.lang.invoke.DirectMethodHandle$Holder.invokeSpecial(java.lang.Object, java.lang.Object, java.lang.Object, int, java.lang.Object, java.lang.Object, java.lang.Object)'> (0x00000000929e6350) 
thrown [s\src\hotspot\share\interpreter\linkResolver.cpp, line 784]
Event: 7.413 Thread 0x0000028fc7a00610 Exception <a 'java/lang/NoSuchMethodError'{0x00000000929e99c8}: 'java.lang.Object java.lang.invoke.Invokers$Holder.linkToTargetMethod(java.lang.Object, int, java.lang.Object, java.lang.Object, java.lang.Object, java.lang.Object)'> (0x00000000929e99c8) 
thrown [s\src\hotspot\share\interpreter\linkResolver.cpp, line 784]
Event: 7.454 Thread 0x0000028fc7a00610 Exception <a 'java/lang/NoSuchMethodError'{0x000000009251b988}: 'java.lang.Object java.lang.invoke.DirectMethodHandle$Holder.newInvokeSpecial(java.lang.Object, java.lang.Object, java.lang.Object, java.lang.Object, java.lang.Object, java.lang.Object, int)'> (0x000000009251b988) 
thrown [s\src\hotspot\share\interpreter\linkResolver.cpp, line 784]
Event: 7.454 Thread 0x0000028fc7a00610 Exception <a 'java/lang/NoSuchMethodError'{0x000000009251ffa0}: 'java.lang.Object java.lang.invoke.DirectMethodHandle$Holder.invokeSpecial(java.lang.Object, java.lang.Object, java.lang.Object, java.lang.Object, java.lang.Object, java.lang.Object, java.lang.Object, int)'> (0x000000009251ffa0) 
thrown [s\src\hotspot\share\interpreter\linkResolver.cpp, line 784]

ZGC Phase Switch (0 events):
No events

VM Operations (20 events):
Event: 6.450 Executing VM operation: G1CollectForAllocation (G1 Evacuation Pause) done
Event: 6.488 Executing VM operation: G1PauseRemark
Event: 6.495 Executing VM operation: G1PauseRemark done
Event: 6.509 Executing VM operation: G1PauseCleanup
Event: 6.509 Executing VM operation: G1PauseCleanup done
Event: 6.730 Executing VM operation: HandshakeAllThreads (Deoptimize)
Event: 6.730 Executing VM operation: HandshakeAllThreads (Deoptimize) done
Event: 6.764 Executing VM operation: ICBufferFull
Event: 6.765 Executing VM operation: ICBufferFull done
Event: 6.900 Executing VM operation: ICBufferFull
Event: 6.901 Executing VM operation: ICBufferFull done
Event: 7.171 Executing VM operation: ICBufferFull
Event: 7.172 Executing VM operation: ICBufferFull done
Event: 7.289 Executing VM operation: G1CollectForAllocation (G1 Evacuation Pause)
Event: 7.302 Executing VM operation: G1CollectForAllocation (G1 Evacuation Pause) done
Event: 7.449 Executing VM operation: HandshakeAllThreads (Deoptimize)
Event: 7.449 Executing VM operation: HandshakeAllThreads (Deoptimize) done
Event: 7.479 Executing VM operation: ICBufferFull
Event: 7.479 Executing VM operation: ICBufferFull done
Event: 7.720 Executing VM operation: G1CollectForAllocation (G1 Evacuation Pause)

Memory protections (0 events):
No events

Nmethod flushes (20 events):
Event: 6.495 Thread 0x0000028fe151ea80 flushing  nmethod 0x0000028fcd08c410
Event: 6.495 Thread 0x0000028fe151ea80 flushing  nmethod 0x0000028fcd10d690
Event: 6.495 Thread 0x0000028fe151ea80 flushing  nmethod 0x0000028fcd156510
Event: 6.495 Thread 0x0000028fe151ea80 flushing  nmethod 0x0000028fcd156910
Event: 6.495 Thread 0x0000028fe151ea80 flushing  nmethod 0x0000028fcd19e490
Event: 6.495 Thread 0x0000028fe151ea80 flushing  nmethod 0x0000028fcd19fd10
Event: 6.495 Thread 0x0000028fe151ea80 flushing  nmethod 0x0000028fcd1eaf90
Event: 6.495 Thread 0x0000028fe151ea80 flushing  nmethod 0x0000028fcd244290
Event: 6.495 Thread 0x0000028fe151ea80 flushing  nmethod 0x0000028fcd277690
Event: 6.495 Thread 0x0000028fe151ea80 flushing  nmethod 0x0000028fcd2ad710
Event: 6.495 Thread 0x0000028fe151ea80 flushing  nmethod 0x0000028fcd2bee90
Event: 6.495 Thread 0x0000028fe151ea80 flushing  nmethod 0x0000028fcd318290
Event: 6.495 Thread 0x0000028fe151ea80 flushing  nmethod 0x0000028fcd319490
Event: 6.495 Thread 0x0000028fe151ea80 flushing  nmethod 0x0000028fcd349410
Event: 6.495 Thread 0x0000028fe151ea80 flushing  nmethod 0x0000028fcd349890
Event: 6.495 Thread 0x0000028fe151ea80 flushing  nmethod 0x0000028fcd3aa710
Event: 6.495 Thread 0x0000028fe151ea80 flushing  nmethod 0x0000028fcd3b1e10
Event: 6.495 Thread 0x0000028fe151ea80 flushing  nmethod 0x0000028fcd3f7b10
Event: 6.495 Thread 0x0000028fe151ea80 flushing  nmethod 0x0000028fcd3f8610
Event: 6.495 Thread 0x0000028fe151ea80 flushing  nmethod 0x0000028fcd42be90

Events (18 events):
Event: 0.012 Thread 0x0000028fc7a00610 Thread added: 0x0000028fc7a00610
Event: 0.060 Thread 0x0000028fc7a00610 Thread added: 0x0000028fe16ad400
Event: 0.060 Thread 0x0000028fc7a00610 Thread added: 0x0000028fe16ae720
Event: 0.061 Thread 0x0000028fc7a00610 Thread added: 0x0000028fe16c2f70
Event: 0.061 Thread 0x0000028fc7a00610 Thread added: 0x0000028fe16ccb60
Event: 0.061 Thread 0x0000028fc7a00610 Thread added: 0x0000028fe16cd9c0
Event: 0.062 Thread 0x0000028fc7a00610 Thread added: 0x0000028fe16ce830
Event: 0.062 Thread 0x0000028fc7a00610 Thread added: 0x0000028fe16cf5b0
Event: 0.062 Thread 0x0000028fc7a00610 Thread added: 0x0000028fe16d1870
Event: 0.096 Thread 0x0000028fc7a00610 Thread added: 0x0000028fe186fbf0
Event: 0.100 Thread 0x0000028fc7a00610 Thread added: 0x0000028fe187bd50
Event: 0.108 Loaded shared library C:\Program Files\Android\Android Studio\jbr\bin\net.dll
Event: 0.110 Loaded shared library C:\Program Files\Android\Android Studio\jbr\bin\nio.dll
Event: 0.124 Thread 0x0000028fe16cf5b0 Thread added: 0x0000028fe18d7c20
Event: 0.133 Loaded shared library C:\Program Files\Android\Android Studio\jbr\bin\zip.dll
Event: 0.156 Loaded shared library C:\Program Files\Android\Android Studio\jbr\bin\jimage.dll
Event: 2.023 Thread 0x0000028fe18d7c20 Thread exited: 0x0000028fe18d7c20
Event: 2.175 Thread 0x0000028fe16d1870 Thread added: 0x0000028fe90a8760


Dynamic libraries:
0x00007ff757950000 - 0x00007ff75795a000 	C:\Program Files\Android\Android Studio\jbr\bin\java.exe
0x00007ffcb3b90000 - 0x00007ffcb3da7000 	C:\WINDOWS\SYSTEM32\ntdll.dll
0x00007ffcb18d0000 - 0x00007ffcb1994000 	C:\WINDOWS\System32\KERNEL32.DLL
0x00007ffcb0d20000 - 0x00007ffcb10f2000 	C:\WINDOWS\System32\KERNELBASE.dll
0x00007ffcb1130000 - 0x00007ffcb1241000 	C:\WINDOWS\System32\ucrtbase.dll
0x00007ffc9ec60000 - 0x00007ffc9ec78000 	C:\Program Files\Android\Android Studio\jbr\bin\jli.dll
0x00007ffca7160000 - 0x00007ffca717b000 	C:\Program Files\Android\Android Studio\jbr\bin\VCRUNTIME140.dll
0x00007ffcb3970000 - 0x00007ffcb3b21000 	C:\WINDOWS\System32\USER32.dll
0x00007ffcb15c0000 - 0x00007ffcb15e6000 	C:\WINDOWS\System32\win32u.dll
0x00007ffc939f0000 - 0x00007ffc93c8b000 	C:\WINDOWS\WinSxS\amd64_microsoft.windows.common-controls_6595b64144ccf1df_6.0.22621.5547_none_27104afb73855772\COMCTL32.dll
0x00007ffcb2ff0000 - 0x00007ffcb3019000 	C:\WINDOWS\System32\GDI32.dll
0x00007ffcb29b0000 - 0x00007ffcb2a57000 	C:\WINDOWS\System32\msvcrt.dll
0x00007ffcb1350000 - 0x00007ffcb1473000 	C:\WINDOWS\System32\gdi32full.dll
0x00007ffcb0c80000 - 0x00007ffcb0d1a000 	C:\WINDOWS\System32\msvcp_win.dll
0x00007ffcb3930000 - 0x00007ffcb3961000 	C:\WINDOWS\System32\IMM32.DLL
0x00007ffcac030000 - 0x00007ffcac03c000 	C:\Program Files\Android\Android Studio\jbr\bin\vcruntime140_1.dll
0x00007ffc688c0000 - 0x00007ffc6894d000 	C:\Program Files\Android\Android Studio\jbr\bin\msvcp140.dll
0x00007ffc33870000 - 0x00007ffc344fb000 	C:\Program Files\Android\Android Studio\jbr\bin\server\jvm.dll
0x00007ffcb1b00000 - 0x00007ffcb1bb1000 	C:\WINDOWS\System32\ADVAPI32.dll
0x00007ffcb2900000 - 0x00007ffcb29a8000 	C:\WINDOWS\System32\sechost.dll
0x00007ffcb1100000 - 0x00007ffcb1128000 	C:\WINDOWS\System32\bcrypt.dll
0x00007ffcb30b0000 - 0x00007ffcb31c4000 	C:\WINDOWS\System32\RPCRT4.dll
0x00007ffcb3030000 - 0x00007ffcb30a1000 	C:\WINDOWS\System32\WS2_32.dll
0x00007ffcb0b50000 - 0x00007ffcb0b9d000 	C:\WINDOWS\SYSTEM32\POWRPROF.dll
0x00007ffcabe30000 - 0x00007ffcabe64000 	C:\WINDOWS\SYSTEM32\WINMM.dll
0x00007ffca6880000 - 0x00007ffca688a000 	C:\WINDOWS\SYSTEM32\VERSION.dll
0x00007ffcb0a80000 - 0x00007ffcb0a93000 	C:\WINDOWS\SYSTEM32\UMPDC.dll
0x00007ffcafc80000 - 0x00007ffcafc98000 	C:\WINDOWS\SYSTEM32\kernel.appcore.dll
0x00007ffcaa6a0000 - 0x00007ffcaa6aa000 	C:\Program Files\Android\Android Studio\jbr\bin\jimage.dll
0x00007ffcae150000 - 0x00007ffcae383000 	C:\WINDOWS\SYSTEM32\DBGHELP.DLL
0x00007ffcb31d0000 - 0x00007ffcb3563000 	C:\WINDOWS\System32\combase.dll
0x00007ffcb3570000 - 0x00007ffcb3647000 	C:\WINDOWS\System32\OLEAUT32.dll
0x00007ffca88f0000 - 0x00007ffca8922000 	C:\WINDOWS\SYSTEM32\dbgcore.DLL
0x00007ffcb1250000 - 0x00007ffcb12cb000 	C:\WINDOWS\System32\bcryptPrimitives.dll
0x00007ffc9ec10000 - 0x00007ffc9ec30000 	C:\Program Files\Android\Android Studio\jbr\bin\java.dll
0x00007ffc8d6a0000 - 0x00007ffc8d6b8000 	C:\Program Files\Android\Android Studio\jbr\bin\zip.dll
0x00007ffcb1bd0000 - 0x00007ffcb2472000 	C:\WINDOWS\System32\SHELL32.dll
0x00007ffcb1480000 - 0x00007ffcb15bf000 	C:\WINDOWS\System32\wintypes.dll
0x00007ffcaeb60000 - 0x00007ffcaf47d000 	C:\WINDOWS\SYSTEM32\windows.storage.dll
0x00007ffcb3820000 - 0x00007ffcb392c000 	C:\WINDOWS\System32\SHCORE.dll
0x00007ffcb2ea0000 - 0x00007ffcb2f09000 	C:\WINDOWS\System32\shlwapi.dll
0x00007ffcb0bb0000 - 0x00007ffcb0bdb000 	C:\WINDOWS\SYSTEM32\profapi.dll
0x00007ffcaa640000 - 0x00007ffcaa650000 	C:\Program Files\Android\Android Studio\jbr\bin\net.dll
0x00007ffcad330000 - 0x00007ffcad45c000 	C:\WINDOWS\SYSTEM32\WINHTTP.dll
0x00007ffcb0110000 - 0x00007ffcb0179000 	C:\WINDOWS\system32\mswsock.dll
0x00007ffc8d680000 - 0x00007ffc8d696000 	C:\Program Files\Android\Android Studio\jbr\bin\nio.dll
0x00007ffc991c0000 - 0x00007ffc991d0000 	C:\Program Files\Android\Android Studio\jbr\bin\verify.dll

dbghelp: loaded successfully - version: 4.0.5 - missing functions: none
symbol engine: initialized successfully - sym options: 0x614 - pdb path: .;C:\Program Files\Android\Android Studio\jbr\bin;C:\WINDOWS\SYSTEM32;C:\WINDOWS\WinSxS\amd64_microsoft.windows.common-controls_6595b64144ccf1df_6.0.22621.5547_none_27104afb73855772;C:\Program Files\Android\Android Studio\jbr\bin\server

VM Arguments:
java_command: org.jetbrains.kotlin.cli.jvm.K2JVMCompiler @D:\TecnoGuard\TecnoGuardApp\app\build\20250804_5841799955034178441.compiler.options
java_class_path (initial): C:\Users\ricar\.gradle\caches\modules-2\files-2.1\org.jetbrains.kotlin\kotlin-compiler-embeddable\2.0.21\79346ed53db48b18312a472602eb5c057070c54d\kotlin-compiler-embeddable-2.0.21.jar;C:\Users\ricar\.gradle\caches\modules-2\files-2.1\org.jetbrains.kotlin\kotlin-stdlib\2.0.21\618b539767b4899b4660a83006e052b63f1db551\kotlin-stdlib-2.0.21.jar;C:\Users\ricar\.gradle\caches\modules-2\files-2.1\org.jetbrains.kotlin\kotlin-script-runtime\2.0.21\c9b044380ad41f89aa89aa896c2d32a8c0b2129d\kotlin-script-runtime-2.0.21.jar;C:\Users\ricar\.gradle\caches\modules-2\files-2.1\org.jetbrains.kotlin\kotlin-reflect\1.6.10\1cbe9c92c12a94eea200d23c2bbaedaf3daf5132\kotlin-reflect-1.6.10.jar;C:\Users\ricar\.gradle\caches\modules-2\files-2.1\org.jetbrains.kotlin\kotlin-daemon-embeddable\2.0.21\c9e933b23287de9b5a17e2116b4657bb91aea72c\kotlin-daemon-embeddable-2.0.21.jar;C:\Users\ricar\.gradle\caches\modules-2\files-2.1\org.jetbrains.intellij.deps\trove4j\1.0.20200330\3afb14d5f9ceb459d724e907a21145e8ff394f02\trove4j-1.0.20200330.jar;C:\Users\ricar\.gradle\caches\modules-2\files-2.1\org.jetbrains.kotlinx\kotlinx-coroutines-core-jvm\1.6.4\2c997cd1c0ef33f3e751d3831929aeff1390cb30\kotlinx-coroutines-core-jvm-1.6.4.jar;C:\Users\ricar\.gradle\caches\modules-2\files-2.1\org.jetbrains\annotations\13.0\919f0dfe192fb4e063e7dacadee7f8bb9a2672a9\annotations-13.0.jar
Launcher Type: SUN_STANDARD

[Global flags]
     intx CICompilerCount                          = 4                                         {product} {ergonomic}
     uint ConcGCThreads                            = 3                                         {product} {ergonomic}
     uint G1ConcRefinementThreads                  = 10                                        {product} {ergonomic}
   size_t G1HeapRegionSize                         = 1048576                                   {product} {ergonomic}
    uintx GCDrainStackTargetSize                   = 64                                        {product} {ergonomic}
   size_t InitialHeapSize                          = 123731968                                 {product} {ergonomic}
   size_t MarkStackSize                            = 4194304                                   {product} {ergonomic}
   size_t MaxHeapSize                              = 1971322880                                {product} {ergonomic}
   size_t MaxNewSize                               = 1182793728                                {product} {ergonomic}
   size_t MinHeapDeltaBytes                        = 1048576                                   {product} {ergonomic}
   size_t MinHeapSize                              = 8388608                                   {product} {ergonomic}
    uintx NonNMethodCodeHeapSize                   = 5839372                                {pd product} {ergonomic}
    uintx NonProfiledCodeHeapSize                  = 122909434                              {pd product} {ergonomic}
    uintx ProfiledCodeHeapSize                     = 122909434                              {pd product} {ergonomic}
    uintx ReservedCodeCacheSize                    = 251658240                              {pd product} {ergonomic}
     bool SegmentedCodeCache                       = true                                      {product} {ergonomic}
   size_t SoftMaxHeapSize                          = 1971322880                             {manageable} {ergonomic}
     bool UseCompressedOops                        = true                           {product lp64_product} {ergonomic}
     bool UseG1GC                                  = true                                      {product} {ergonomic}
     bool UseLargePagesIndividualAllocation        = false                                  {pd product} {ergonomic}

Logging:
Log output configuration:
 #0: stdout all=warning uptime,level,tags foldmultilines=false
 #1: stderr all=off uptime,level,tags foldmultilines=false

Environment Variables:
PATH=C:\WINDOWS\system32;C:\WINDOWS;C:\WINDOWS\System32\Wbem;C:\WINDOWS\System32\WindowsPowerShell\v1.0\;C:\WINDOWS\System32\OpenSSH\;D:\php\php-8.4.8;C:\ProgramData\ComposerSetup\bin;C:\Users\ricar\AppData\Local\nvm;C:\nvm4w\nodejs;C:\Program Files\Git\cmd;C:\Program Files\Cloudflare\Cloudflare WARP\;C:\Program Files (x86)\Microsoft SQL Server\160\Tools\Binn\;C:\Program Files\Microsoft SQL Server\160\Tools\Binn\;C:\Program Files\Microsoft SQL Server\Client SDK\ODBC\170\Tools\Binn\;C:\Program Files\Microsoft SQL Server\160\DTS\Binn\;C:\Program Files\PuTTY\;C:\Users\ricar\AppData\Local\Android\Sdk;C:\Users\ricar\AppData\Local\Programs\Python\Launcher\;C:\Users\ricar\AppData\Local\Microsoft\WindowsApps;C:\Users\ricar\AppData\Local\Programs\Microsoft VS Code\bin;C:\Users\ricar\AppData\Roaming\Composer\vendor\bin;C:\Users\ricar\AppData\Local\nvm;C:\nvm4w\nodejs
USERNAME=ricar
OS=Windows_NT
PROCESSOR_IDENTIFIER=AMD64 Family 23 Model 104 Stepping 1, AuthenticAMD
TMP=C:\Users\ricar\AppData\Local\Temp
TEMP=C:\Users\ricar\AppData\Local\Temp




Periodic native trim disabled

JNI global refs:
JNI global refs: 12, weak refs: 3

JNI global refs memory usage: 835, weak refs: 833

Process memory usage:
Resident Set Size: 356116K (4% of 7694908K total physical memory with 424968K free physical memory)

OOME stack traces (most recent first):
Classloader memory used:
Loader jdk.internal.loader.ClassLoaders$AppClassLoader                                 : 53716K
Loader bootstrap                                                                       : 11019K
Loader java.net.URLClassLoader                                                         : 401K

---------------  S Y S T E M  ---------------

OS:
 Windows 11 , 64 bit Build 22621 (10.0.22621.5415)
OS uptime: 21 days 0:58 hours
Hyper-V role detected

CPU: total 12 (initial active 12) (12 cores per cpu, 2 threads per core) family 23 model 104 stepping 1 microcode 0x0, cx8, cmov, fxsr, ht, mmx, 3dnowpref, sse, sse2, sse3, ssse3, sse4a, sse4.1, sse4.2, popcnt, lzcnt, tsc, tscinvbit, avx, avx2, aes, clmul, bmi1, bmi2, adx, sha, fma, vzeroupper, clflush, clflushopt, hv, rdtscp, rdpid, f16c
Processor Information for processor 0
  Max Mhz: 2100, Current Mhz: 1813, Mhz Limit: 2100
Processor Information for processor 1
  Max Mhz: 2100, Current Mhz: 1813, Mhz Limit: 2100
Processor Information for processor 2
  Max Mhz: 2100, Current Mhz: 1813, Mhz Limit: 2100
Processor Information for processor 3
  Max Mhz: 2100, Current Mhz: 2100, Mhz Limit: 2100
Processor Information for processor 4
  Max Mhz: 2100, Current Mhz: 1813, Mhz Limit: 2100
Processor Information for processor 5
  Max Mhz: 2100, Current Mhz: 1813, Mhz Limit: 2100
Processor Information for processor 6
  Max Mhz: 2100, Current Mhz: 2100, Mhz Limit: 2100
Processor Information for processor 7
  Max Mhz: 2100, Current Mhz: 2100, Mhz Limit: 2100
Processor Information for processor 8
  Max Mhz: 2100, Current Mhz: 2100, Mhz Limit: 2100
Processor Information for processor 9
  Max Mhz: 2100, Current Mhz: 2100, Mhz Limit: 2100
Processor Information for processor 10
  Max Mhz: 2100, Current Mhz: 1813, Mhz Limit: 2100
Processor Information for processor 11
  Max Mhz: 2100, Current Mhz: 1813, Mhz Limit: 2100

Memory: 4k page, system-wide physical 7514M (415M free)
TotalPageFile size 22874M (AvailPageFile size 44M)
current process WorkingSet (physical memory assigned to process): 347M, peak: 347M
current process commit charge ("private bytes"): 375M, peak: 427M

vm_info: OpenJDK 64-Bit Server VM (21.0.6+-13368085-b895.109) for windows-amd64 JRE (21.0.6+-13368085-b895.109), built on 2025-04-16T17:01:31Z by "builder" with MS VC++ 16.10 / 16.11 (VS2019)

END.
